Ovarialkarzinom&url=http://de.dbpedia.org/resource/Ovarialkarzinom&groups=Krankheit
Hautkrebs&url=http://de.dbpedia.org/resource/Hautkrebs&groups=Krankheit
Hodenkrebs&url=http://de.dbpedia.org/resource/Hodenkrebs&groups=Krankheit
Uteruskarzinom&url=http://de.dbpedia.org/resource/Uteruskarzinom&groups=Krankheit
Brustkrebs&url=http://de.dbpedia.org/resource/Brustkrebs&groups=Krankheit
Analkarzinom&url=http://de.dbpedia.org/resource/Analkarzinom&groups=Krankheit
Blasenkrebs&url=http://de.dbpedia.org/resource/Blasenkrebs&groups=Krankheit
Zervixkarzinom&url=http://de.dbpedia.org/resource/Zervixkarzinom&groups=Krankheit
Kolorektales Karzinom&url=http://de.dbpedia.org/resource/Kolorektales_Karzinom&groups=Krankheit
Speiseröhrenkrebs&url=http://de.dbpedia.org/resource/Speiser%C3%B6hrenkrebs&groups=Krankheit
Gallenblasenkarzinom&url=http://de.dbpedia.org/resource/Gallenblasenkarzinom&groups=Krankheit
Kopf-Hals-Karzinom&url=http://de.dbpedia.org/resource/Kopf-Hals-Karzinom&groups=Krankheit
Turcot-Syndrom&url=http://de.dbpedia.org/resource/Turcot-Syndrom&groups=Krankheit
Prostatakrebs&url=http://de.dbpedia.org/resource/Prostatakrebs&groups=Krankheit
Magenkarzinom&url=http://de.dbpedia.org/resource/Magenkarzinom&groups=Krankheit
Schilddrüsenkrebs&url=http://de.dbpedia.org/resource/Schilddr%C3%BCsenkrebs&groups=Krankheit
Vaginalkarzinom&url=http://de.dbpedia.org/resource/Vaginalkarzinom&groups=Krankheit
Vulvakrebs&url=http://de.dbpedia.org/resource/Vulvakrebs&groups=Krankheit
Pankreastumor&url=http://de.dbpedia.org/resource/Pankreastumor&groups=Krankheit
Kehlkopfkrebs&url=http://de.dbpedia.org/resource/Kehlkopfkrebs&groups=Krankheit
Mundhöhlenkarzinom&url=http://de.dbpedia.org/resource/Mundh%C3%B6hlenkarzinom&groups=Krankheit
Hereditäres non-polypöses kolorektales Karzinom&url=http://de.dbpedia.org/resource/Heredit%C3%A4res_non-polyp%C3%B6ses_kolorektales_Karzinom&groups=Krankheit
Krebs (Medizin)&url=http://de.dbpedia.org/resource/Krebs_%28Medizin%29&groups=Krankheit
Bronchialkarzinom&url=http://de.dbpedia.org/resource/Bronchialkarzinom&groups=Krankheit
