Carcinoma dell'ovaio&url=http://it.dbpedia.org/resource/Carcinoma_dell%27ovaio&groups=Malattia
Tumore del testicolo&url=http://it.dbpedia.org/resource/Tumore_del_testicolo&groups=Malattia
Tumore dell'utero&url=http://it.dbpedia.org/resource/Tumore_dell%27utero&groups=Malattia
Neoplasie della mammella&url=http://it.dbpedia.org/resource/Neoplasie_della_mammella&groups=Malattia
Tumore dell'ano&url=http://it.dbpedia.org/resource/Tumore_dell%27ano&groups=Malattia
Carcinoma anaplastico della tiroide&url=http://it.dbpedia.org/resource/Carcinoma_anaplastico_della_tiroide&groups=Malattia
Carcinoma della vescica&url=http://it.dbpedia.org/resource/Carcinoma_della_vescica&groups=Malattia
Neoplasie della cervice uterina&url=http://it.dbpedia.org/resource/Neoplasie_della_cervice_uterina&groups=Malattia
Carcinoma del colon-retto&url=http://it.dbpedia.org/resource/Carcinoma_del_colon-retto&groups=Malattia
Carcinoma dell'esofago&url=http://it.dbpedia.org/resource/Carcinoma_dell%27esofago&groups=Malattia
Sindrome di Turcot&url=http://it.dbpedia.org/resource/Sindrome_di_Turcot&groups=Malattia
Carcinoma papillifero della tiroide&url=http://it.dbpedia.org/resource/Carcinoma_papillifero_della_tiroide&groups=Malattia
Carcinoma della prostata&url=http://it.dbpedia.org/resource/Carcinoma_della_prostata&groups=Malattia
Tumore dello stomaco&url=http://it.dbpedia.org/resource/Tumore_dello_stomaco&groups=Malattia
Tumore della tiroide&url=http://it.dbpedia.org/resource/Tumore_della_tiroide&groups=Malattia
Neoplasie del pancreas&url=http://it.dbpedia.org/resource/Neoplasie_del_pancreas&groups=Malattia
Carcinoma della bocca&url=http://it.dbpedia.org/resource/Carcinoma_della_bocca&groups=Malattia
Cancro colorettale ereditario non poliposico&url=http://it.dbpedia.org/resource/Cancro_colorettale_ereditario_non_poliposico&groups=Malattia
Carcinoma del polmone&url=http://it.dbpedia.org/resource/Carcinoma_del_polmone&groups=Malattia
