Cáncer de ovario&url=http://es.dbpedia.org/resource/C%C3%A1ncer_de_ovario&groups=Enfermedad
Cáncer de piel&url=http://es.dbpedia.org/resource/C%C3%A1ncer_de_piel&groups=Enfermedad
Cáncer de testículo&url=http://es.dbpedia.org/resource/C%C3%A1ncer_de_test%C3%ADculo&groups=Enfermedad
Cáncer uterino&url=http://es.dbpedia.org/resource/C%C3%A1ncer_uterino&groups=Enfermedad
Cáncer de mama&url=http://es.dbpedia.org/resource/C%C3%A1ncer_de_mama&groups=Enfermedad
Cáncer de vejiga&url=http://es.dbpedia.org/resource/C%C3%A1ncer_de_vejiga&groups=Enfermedad
Cáncer cervical&url=http://es.dbpedia.org/resource/C%C3%A1ncer_cervical&groups=Enfermedad
Cáncer colorrectal&url=http://es.dbpedia.org/resource/C%C3%A1ncer_colorrectal&groups=Enfermedad
Cáncer de esófago&url=http://es.dbpedia.org/resource/C%C3%A1ncer_de_es%C3%B3fago&groups=Enfermedad
Cáncer folicular de tiroides&url=http://es.dbpedia.org/resource/C%C3%A1ncer_folicular_de_tiroides&groups=Enfermedad
Cáncer de vesícula&url=http://es.dbpedia.org/resource/C%C3%A1ncer_de_ves%C3%ADcula&groups=Enfermedad
Cáncer medular tiroideo&url=http://es.dbpedia.org/resource/C%C3%A1ncer_medular_tiroideo&groups=Enfermedad
Síndrome de Turcot&url=http://es.dbpedia.org/resource/S%C3%ADndrome_de_Turcot&groups=Enfermedad
Cáncer papilar tiroideo&url=http://es.dbpedia.org/resource/C%C3%A1ncer_papilar_tiroideo&groups=Enfermedad
Cáncer de próstata&url=http://es.dbpedia.org/resource/C%C3%A1ncer_de_pr%C3%B3stata&groups=Enfermedad
Cáncer de estómago&url=http://es.dbpedia.org/resource/C%C3%A1ncer_de_est%C3%B3mago&groups=Enfermedad
Cáncer tiroideo&url=http://es.dbpedia.org/resource/C%C3%A1ncer_tiroideo&groups=Enfermedad
Cáncer de vagina&url=http://es.dbpedia.org/resource/C%C3%A1ncer_de_vagina&groups=Enfermedad
Cáncer de páncreas&url=http://es.dbpedia.org/resource/C%C3%A1ncer_de_p%C3%A1ncreas&groups=Enfermedad
Neoplasias hematológicas&url=http://es.dbpedia.org/resource/Neoplasias_hematol%C3%B3gicas&groups=Enfermedad
Cáncer de laringe&url=http://es.dbpedia.org/resource/C%C3%A1ncer_de_laringe&groups=Enfermedad
Cáncer de boca&url=http://es.dbpedia.org/resource/C%C3%A1ncer_de_boca&groups=Enfermedad
Síndrome de Lynch&url=http://es.dbpedia.org/resource/S%C3%ADndrome_de_Lynch&groups=Enfermedad
Cáncer&url=http://es.dbpedia.org/resource/C%C3%A1ncer&groups=Enfermedad
Cáncer de pulmón&url=http://es.dbpedia.org/resource/C%C3%A1ncer_de_pulm%C3%B3n&groups=Enfermedad
