Rak jajnika&url=http://pl.dbpedia.org/resource/Rak_jajnika&groups=Choroba
Nowotwór złośliwy skóry&url=http://pl.dbpedia.org/resource/Nowotw%C3%B3r_z%C5%82o%C5%9Bliwy_sk%C3%B3ry&groups=Choroba
Rak jądra&url=http://pl.dbpedia.org/resource/Rak_j%C4%85dra&groups=Choroba
Rak sutka&url=http://pl.dbpedia.org/resource/Rak_sutka&groups=Choroba
Rak odbytu&url=http://pl.dbpedia.org/resource/Rak_odbytu&groups=Choroba
Rak pęcherza moczowego&url=http://pl.dbpedia.org/resource/Rak_p%C4%99cherza_moczowego&groups=Choroba
Rak szyjki macicy&url=http://pl.dbpedia.org/resource/Rak_szyjki_macicy&groups=Choroba
Rak jelita grubego&url=http://pl.dbpedia.org/resource/Rak_jelita_grubego&groups=Choroba
Rak przełyku&url=http://pl.dbpedia.org/resource/Rak_prze%C5%82yku&groups=Choroba
Rak jajowodu&url=http://pl.dbpedia.org/resource/Rak_jajowodu&groups=Choroba
Rak pęcherzyka żółciowego&url=http://pl.dbpedia.org/resource/Rak_p%C4%99cherzyka_%C5%BC%C3%B3%C5%82ciowego&groups=Choroba
Rak rdzeniasty tarczycy&url=http://pl.dbpedia.org/resource/Rak_rdzeniasty_tarczycy&groups=Choroba
Zespół Turcota&url=http://pl.dbpedia.org/resource/Zesp%C3%B3%C5%82_Turcota&groups=Choroba
Rak brodawkowaty tarczycy&url=http://pl.dbpedia.org/resource/Rak_brodawkowaty_tarczycy&groups=Choroba
Rak gruczołu krokowego&url=http://pl.dbpedia.org/resource/Rak_gruczo%C5%82u_krokowego&groups=Choroba
Nowotwory gruczołów ślinowych&url=http://pl.dbpedia.org/resource/Nowotwory_gruczo%C5%82%C3%B3w_%C5%9Blinowych&groups=Choroba
Rak żołądka&url=http://pl.dbpedia.org/resource/Rak_%C5%BCo%C5%82%C4%85dka&groups=Choroba
Nowotwory tarczycy&url=http://pl.dbpedia.org/resource/Nowotwory_tarczycy&groups=Choroba
Rak sromu&url=http://pl.dbpedia.org/resource/Rak_sromu&groups=Choroba
Rak trzustki&url=http://pl.dbpedia.org/resource/Rak_trzustki&groups=Choroba
Rak krtani&url=http://pl.dbpedia.org/resource/Rak_krtani&groups=Choroba
Nowotwory szczęki&url=http://pl.dbpedia.org/resource/Nowotwory_szcz%C4%99ki&groups=Choroba
Zespół Lyncha&url=http://pl.dbpedia.org/resource/Zesp%C3%B3%C5%82_Lyncha&groups=Choroba
Nowotwór złośliwy&url=http://pl.dbpedia.org/resource/Nowotw%C3%B3r_z%C5%82o%C5%9Bliwy&groups=Choroba
Rak płuca&url=http://pl.dbpedia.org/resource/Rak_p%C5%82uca&groups=Choroba
