Skelettcancer&url=http://sv.dbpedia.org/resource/Skelettcancer&groups=Sjukdom
Äggstockscancer&url=http://sv.dbpedia.org/resource/%C3%84ggstockscancer&groups=Sjukdom
Hudcancer&url=http://sv.dbpedia.org/resource/Hudcancer&groups=Sjukdom
Skivepitelcancer&url=http://sv.dbpedia.org/resource/Skivepitelcancer&groups=Sjukdom
Testikelcancer&url=http://sv.dbpedia.org/resource/Testikelcancer&groups=Sjukdom
Bröstcancer&url=http://sv.dbpedia.org/resource/Br%C3%B6stcancer&groups=Sjukdom
Basalcellscancer&url=http://sv.dbpedia.org/resource/Basalcellscancer&groups=Sjukdom
Urinvägscancer&url=http://sv.dbpedia.org/resource/Urinv%C3%A4gscancer&groups=Sjukdom
Livmoderhalscancer&url=http://sv.dbpedia.org/resource/Livmoderhalscancer&groups=Sjukdom
Gallgångscancer&url=http://sv.dbpedia.org/resource/Gallg%C3%A5ngscancer&groups=Sjukdom
Koloncancer&url=http://sv.dbpedia.org/resource/Koloncancer&groups=Sjukdom
Matstrupscancer&url=http://sv.dbpedia.org/resource/Matstrupscancer&groups=Sjukdom
Gallblåsecancer&url=http://sv.dbpedia.org/resource/Gallbl%C3%A5secancer&groups=Sjukdom
Prostatacancer&url=http://sv.dbpedia.org/resource/Prostatacancer&groups=Sjukdom
Magsäckscancer&url=http://sv.dbpedia.org/resource/Mags%C3%A4ckscancer&groups=Sjukdom
Sköldkörtelcancer&url=http://sv.dbpedia.org/resource/Sk%C3%B6ldk%C3%B6rtelcancer&groups=Sjukdom
Pankreascancer&url=http://sv.dbpedia.org/resource/Pankreascancer&groups=Sjukdom
Larynxcancer&url=http://sv.dbpedia.org/resource/Larynxcancer&groups=Sjukdom
Njurcancer&url=http://sv.dbpedia.org/resource/Njurcancer&groups=Sjukdom
Cancer&url=http://sv.dbpedia.org/resource/Cancer&groups=Sjukdom
Peniscancer&url=http://sv.dbpedia.org/resource/Peniscancer&groups=Sjukdom
Lungcancer&url=http://sv.dbpedia.org/resource/Lungcancer&groups=Sjukdom
