Ovarian cancer&url=http://dbpedia.org/resource/Ovarian_cancer&groups=Disease
Skin cancer&url=http://dbpedia.org/resource/Skin_cancer&groups=Disease
Testicular cancer&url=http://dbpedia.org/resource/Testicular_cancer&groups=Disease
Uterine cancer&url=http://dbpedia.org/resource/Uterine_cancer&groups=Disease
Breast cancer&url=http://dbpedia.org/resource/Breast_cancer&groups=Disease
Anal cancer&url=http://dbpedia.org/resource/Anal_cancer&groups=Disease
Anaplastic thyroid cancer&url=http://dbpedia.org/resource/Anaplastic_thyroid_cancer&groups=Disease
Appendix cancer&url=http://dbpedia.org/resource/Appendix_cancer&groups=Disease
Bladder cancer&url=http://dbpedia.org/resource/Bladder_cancer&groups=Disease
Cervical cancer&url=http://dbpedia.org/resource/Cervical_cancer&groups=Disease
Colorectal cancer&url=http://dbpedia.org/resource/Colorectal_cancer&groups=Disease
Duodenal cancer&url=http://dbpedia.org/resource/Duodenal_cancer&groups=Disease
Endometrial cancer&url=http://dbpedia.org/resource/Endometrial_cancer&groups=Disease
Esophageal cancer&url=http://dbpedia.org/resource/Esophageal_cancer&groups=Disease
Fallopian tube cancer&url=http://dbpedia.org/resource/Fallopian_tube_cancer&groups=Disease
Follicular thyroid cancer&url=http://dbpedia.org/resource/Follicular_thyroid_cancer&groups=Disease
Gallbladder cancer&url=http://dbpedia.org/resource/Gallbladder_cancer&groups=Disease
HPV-positive oropharyngeal cancer&url=http://dbpedia.org/resource/HPV-positive_oropharyngeal_cancer&groups=Disease
Head and neck cancer&url=http://dbpedia.org/resource/Head_and_neck_cancer&groups=Disease
Howel–Evans syndrome&url=http://dbpedia.org/resource/Howel%25E2%2580%2593Evans_syndrome&groups=Disease
Kidney cancer&url=http://dbpedia.org/resource/Kidney_cancer&groups=Disease
Male breast cancer&url=http://dbpedia.org/resource/Male_breast_cancer&groups=Disease
Medullary thyroid cancer&url=http://dbpedia.org/resource/Medullary_thyroid_cancer&groups=Disease
Mismatch repair cancer syndrome&url=http://dbpedia.org/resource/Mismatch_repair_cancer_syndrome&groups=Disease
Papillary thyroid cancer&url=http://dbpedia.org/resource/Papillary_thyroid_cancer&groups=Disease
Prostate cancer&url=http://dbpedia.org/resource/Prostate_cancer&groups=Disease
Salivary gland neoplasm&url=http://dbpedia.org/resource/Salivary_gland_neoplasm&groups=Disease
Stomach cancer&url=http://dbpedia.org/resource/Stomach_cancer&groups=Disease
Thyroid cancer&url=http://dbpedia.org/resource/Thyroid_cancer&groups=Disease
Urachal cancer&url=http://dbpedia.org/resource/Urachal_cancer&groups=Disease
Ureteral cancer&url=http://dbpedia.org/resource/Ureteral_cancer&groups=Disease
Urethral cancer&url=http://dbpedia.org/resource/Urethral_cancer&groups=Disease
Vaginal cancer&url=http://dbpedia.org/resource/Vaginal_cancer&groups=Disease
Vulvar cancer&url=http://dbpedia.org/resource/Vulvar_cancer&groups=Disease
Hypopharyngeal cancer&url=http://dbpedia.org/resource/Hypopharyngeal_cancer&groups=Disease
Pancreatic cancer&url=http://dbpedia.org/resource/Pancreatic_cancer&groups=Disease
Hematological malignancy&url=http://dbpedia.org/resource/Hematological_malignancy&groups=Disease
Laryngeal cancer&url=http://dbpedia.org/resource/Laryngeal_cancer&groups=Disease
Oral cancer&url=http://dbpedia.org/resource/Oral_cancer&groups=Disease
Hereditary nonpolyposis colorectal cancer&url=http://dbpedia.org/resource/Hereditary_nonpolyposis_colorectal_cancer&groups=Disease
Small intestine cancer&url=http://dbpedia.org/resource/Small_intestine_cancer&groups=Disease
Inflammatory breast cancer&url=http://dbpedia.org/resource/Inflammatory_breast_cancer&groups=Disease
Cancer&url=http://dbpedia.org/resource/Cancer&groups=Disease
Lung cancer&url=http://dbpedia.org/resource/Lung_cancer&groups=Disease
Poorly differentiated thyroid cancer&url=http://dbpedia.org/resource/Poorly_differentiated_thyroid_cancer&groups=Disease
