Câncer ovariano&url=http://pt.dbpedia.org/resource/C%C3%A2ncer_ovariano&groups=Doença
Câncer de pele&url=http://pt.dbpedia.org/resource/C%C3%A2ncer_de_pele&groups=Doença
Câncer testicular&url=http://pt.dbpedia.org/resource/C%C3%A2ncer_testicular&groups=Doença
Cancro do útero&url=http://pt.dbpedia.org/resource/Cancro_do_%C3%BAtero&groups=Doença
Câncer de mama&url=http://pt.dbpedia.org/resource/C%C3%A2ncer_de_mama&groups=Doença
Câncer anal&url=http://pt.dbpedia.org/resource/C%C3%A2ncer_anal&groups=Doença
Câncer de bexiga&url=http://pt.dbpedia.org/resource/C%C3%A2ncer_de_bexiga&groups=Doença
Câncer cervical&url=http://pt.dbpedia.org/resource/C%C3%A2ncer_cervical&groups=Doença
Câncer colorretal&url=http://pt.dbpedia.org/resource/C%C3%A2ncer_colorretal&groups=Doença
Câncer esofágico&url=http://pt.dbpedia.org/resource/C%C3%A2ncer_esof%C3%A1gico&groups=Doença
Câncer de vesícula biliar&url=http://pt.dbpedia.org/resource/C%C3%A2ncer_de_ves%C3%ADcula_biliar&groups=Doença
Carcinoma medular da tiroide&url=http://pt.dbpedia.org/resource/Carcinoma_medular_da_tiroide&groups=Doença
Câncer de próstata&url=http://pt.dbpedia.org/resource/C%C3%A2ncer_de_pr%C3%B3stata&groups=Doença
Neoplasia de glândula salivar&url=http://pt.dbpedia.org/resource/Neoplasia_de_gl%C3%A2ndula_salivar&groups=Doença
Cancro do estômago&url=http://pt.dbpedia.org/resource/Cancro_do_est%C3%B4mago&groups=Doença
Tumor da tiroide&url=http://pt.dbpedia.org/resource/Tumor_da_tiroide&groups=Doença
Câncer vaginal&url=http://pt.dbpedia.org/resource/C%C3%A2ncer_vaginal&groups=Doença
Câncer vulvar&url=http://pt.dbpedia.org/resource/C%C3%A2ncer_vulvar&groups=Doença
Câncer pancreático&url=http://pt.dbpedia.org/resource/C%C3%A2ncer_pancre%C3%A1tico&groups=Doença
Câncer de laringe&url=http://pt.dbpedia.org/resource/C%C3%A2ncer_de_laringe&groups=Doença
Câncer de boca&url=http://pt.dbpedia.org/resource/C%C3%A2ncer_de_boca&groups=Doença
Câncer colorretal hereditário sem polipose&url=http://pt.dbpedia.org/resource/C%C3%A2ncer_colorretal_heredit%C3%A1rio_sem_polipose&groups=Doença
Cancro&url=http://pt.dbpedia.org/resource/Cancro&groups=Doença
Câncer de pulmão&url=http://pt.dbpedia.org/resource/C%C3%A2ncer_de_pulm%C3%A3o&groups=Doença
