Ovariumcarcinoom&url=http://nl.dbpedia.org/resource/Ovariumcarcinoom&groups=Ziekte
Huidkanker&url=http://nl.dbpedia.org/resource/Huidkanker&groups=Ziekte
Zaadbalkanker&url=http://nl.dbpedia.org/resource/Zaadbalkanker&groups=Ziekte
Borstkanker&url=http://nl.dbpedia.org/resource/Borstkanker&groups=Ziekte
Blaaskanker&url=http://nl.dbpedia.org/resource/Blaaskanker&groups=Ziekte
Baarmoederhalskanker&url=http://nl.dbpedia.org/resource/Baarmoederhalskanker&groups=Ziekte
Darmkanker&url=http://nl.dbpedia.org/resource/Darmkanker&groups=Ziekte
Slokdarmkanker&url=http://nl.dbpedia.org/resource/Slokdarmkanker&groups=Ziekte
Prostaatkanker&url=http://nl.dbpedia.org/resource/Prostaatkanker&groups=Ziekte
Maagkanker&url=http://nl.dbpedia.org/resource/Maagkanker&groups=Ziekte
Schildklierkanker&url=http://nl.dbpedia.org/resource/Schildklierkanker&groups=Ziekte
Alvleesklierkanker&url=http://nl.dbpedia.org/resource/Alvleesklierkanker&groups=Ziekte
Larynxcarcinoom&url=http://nl.dbpedia.org/resource/Larynxcarcinoom&groups=Ziekte
Mondkanker&url=http://nl.dbpedia.org/resource/Mondkanker&groups=Ziekte
Hereditair non-polyposis colorectaal carcinoom&url=http://nl.dbpedia.org/resource/Hereditair_non-polyposis_colorectaal_carcinoom&groups=Ziekte
Mastitis carcinomatosa&url=http://nl.dbpedia.org/resource/Mastitis_carcinomatosa&groups=Ziekte
Kanker&url=http://nl.dbpedia.org/resource/Kanker&groups=Ziekte
Longkanker&url=http://nl.dbpedia.org/resource/Longkanker&groups=Ziekte
