Cancer de l'ovaire&url=http://fr.dbpedia.org/resource/Cancer_de_l%27ovaire&groups=Maladie
Cancer de la peau&url=http://fr.dbpedia.org/resource/Cancer_de_la_peau&groups=Maladie
Cancer du testicule&url=http://fr.dbpedia.org/resource/Cancer_du_testicule&groups=Maladie
Cancer du sein&url=http://fr.dbpedia.org/resource/Cancer_du_sein&groups=Maladie
Cancer de l'anus&url=http://fr.dbpedia.org/resource/Cancer_de_l%27anus&groups=Maladie
Cancer de la vessie&url=http://fr.dbpedia.org/resource/Cancer_de_la_vessie&groups=Maladie
Cancer du col utérin&url=http://fr.dbpedia.org/resource/Cancer_du_col_ut%C3%A9rin&groups=Maladie
Cancer du côlon&url=http://fr.dbpedia.org/resource/Cancer_du_c%C3%B4lon&groups=Maladie
Cancer duodénal&url=http://fr.dbpedia.org/resource/Cancer_duod%C3%A9nal&groups=Maladie
Cancer de l'endomètre&url=http://fr.dbpedia.org/resource/Cancer_de_l%27endom%C3%A8tre&groups=Maladie
Cancer de l'œsophage&url=http://fr.dbpedia.org/resource/Cancer_de_l%27%C5%93sophage&groups=Maladie
Syndrome de Turcot&url=http://fr.dbpedia.org/resource/Syndrome_de_Turcot&groups=Maladie
Cancer de la prostate&url=http://fr.dbpedia.org/resource/Cancer_de_la_prostate&groups=Maladie
Cancer de l'estomac&url=http://fr.dbpedia.org/resource/Cancer_de_l%27estomac&groups=Maladie
Cancer de la thyroïde&url=http://fr.dbpedia.org/resource/Cancer_de_la_thyro%C3%AFde&groups=Maladie
Cancer du pancréas&url=http://fr.dbpedia.org/resource/Cancer_du_pancr%C3%A9as&groups=Maladie
Hémopathie maligne&url=http://fr.dbpedia.org/resource/H%C3%A9mopathie_maligne&groups=Maladie
Cancer du larynx&url=http://fr.dbpedia.org/resource/Cancer_du_larynx&groups=Maladie
Cancer de la bouche&url=http://fr.dbpedia.org/resource/Cancer_de_la_bouche&groups=Maladie
Cancer du rein&url=http://fr.dbpedia.org/resource/Cancer_du_rein&groups=Maladie
Cancer colorectal héréditaire sans polypose&url=http://fr.dbpedia.org/resource/Cancer_colorectal_h%C3%A9r%C3%A9ditaire_sans_polypose&groups=Maladie
Tumeurs de l'intestin grêle&url=http://fr.dbpedia.org/resource/Tumeurs_de_l%27intestin_gr%C3%AAle&groups=Maladie
Cancer&url=http://fr.dbpedia.org/resource/Cancer&groups=Maladie
Cancer du poumon&url=http://fr.dbpedia.org/resource/Cancer_du_poumon&groups=Maladie
