Abdomen agudo&url=http://www.freebase.com/view/en/acute_abdomen&groups=Symptom
Absceso&url=http://www.freebase.com/view/en/abscess&groups=Symptom
Aburrimiento&url=http://www.freebase.com/view/en/boredom&groups=Symptom
Abuso de sustancias&url=http://www.freebase.com/view/en/substance_abuse&groups=Symptom
Acantosis nigricans&url=http://www.freebase.com/view/en/acanthosis_nigricans&groups=Symptom
Acatisia&url=http://www.freebase.com/view/en/akathisia&groups=Symptom
Accidente cerebrovascular&url=http://www.freebase.com/view/en/stroke&groups=Symptom
Acidosis&url=http://www.freebase.com/view/en/acidosis&groups=Symptom
Acné&url=http://www.freebase.com/view/en/acne_vulgaris&groups=Symptom
Acropaquia&url=http://www.freebase.com/view/en/clubbing&groups=Symptom
Acúfeno&url=http://www.freebase.com/view/en/tinnitus&groups=Symptom
Adenomiosis&url=http://www.freebase.com/view/en/adenomyosis&groups=Symptom
Adenopatía&url=http://www.freebase.com/view/en/lymphadenopathy&groups=Symptom
Afaquia&url=http://www.freebase.com/view/en/aphakia&groups=Symptom
Afasia&url=http://www.freebase.com/view/en/aphasia&groups=Symptom
Afonía&url=http://www.freebase.com/view/authority/us/gov/hhs/nih/nlm/umls/C0003564&groups=Symptom
Afta&url=http://www.freebase.com/view/en/mouth_ulcer&groups=Symptom
Agnosia&url=http://www.freebase.com/view/en/agnosia&groups=Symptom
Agramatismo&url=http://www.freebase.com/view/en/agrammatism&groups=Symptom
Agresión&url=http://www.freebase.com/view/en/aggression&groups=Symptom
Agujetas&url=http://www.freebase.com/view/en/delayed_onset_muscle_soreness&groups=Symptom
Albinismo&url=http://www.freebase.com/view/en/albinism&groups=Symptom
Alcalosis&url=http://www.freebase.com/view/en/alkalosis&groups=Symptom
Alcoholismo&url=http://www.freebase.com/view/en/alcoholism&groups=Symptom
Alopecia&url=http://www.freebase.com/view/en/alopecia&groups=Symptom
Alucinación&url=http://www.freebase.com/view/en/hallucination&groups=Symptom
Alucinación acústica&url=http://www.freebase.com/view/en/auditory_hallucinations&groups=Symptom
Ambliopía&url=http://www.freebase.com/view/en/amblyopia&groups=Symptom
Amenorrea&url=http://www.freebase.com/view/en/amenorrhoea&groups=Symptom
Amigdalitis&url=http://www.freebase.com/view/en/tonsillitis&groups=Symptom
Amnesia&url=http://www.freebase.com/view/en/amnesia&groups=Symptom
Amnesia anterógrada&url=http://www.freebase.com/view/en/anterograde_amnesia&groups=Symptom
Ampolla&url=http://www.freebase.com/view/en/blister&groups=Symptom
Anafilaxia&url=http://www.freebase.com/view/en/anaphylaxis&groups=Symptom
Anafrodisia&url=http://www.freebase.com/view/en/inhibited_sexual_desire&groups=Symptom
Anemia&url=http://www.freebase.com/view/en/anemia&groups=Symptom
Anemia hemolítica&url=http://www.freebase.com/view/en/hemolytic_anemia&groups=Symptom
Anemia inmunohemolítica&url=http://www.freebase.com/view/en/autoimmune_hemolytic_anemia&groups=Symptom
Angina de pecho&url=http://www.freebase.com/view/en/angina&groups=Symptom
Angina intestinal&url=http://www.freebase.com/view/en/abdominal_angina&groups=Symptom
Angioedema&url=http://www.freebase.com/view/en/angioedema&groups=Symptom
Anhedonia&url=http://www.freebase.com/view/en/anhedonia&groups=Symptom
Anillo de Kayser-Fleischer&url=http://www.freebase.com/view/en/kayser-fleischer_ring&groups=Symptom
Aniridia&url=http://www.freebase.com/view/en/aniridia&groups=Symptom
Anorexia&url=http://www.freebase.com/view/en/anorexia&groups=Symptom
Anosmia&url=http://www.freebase.com/view/en/anosmia&groups=Symptom
Apatía&url=http://www.freebase.com/view/en/apathy&groups=Symptom
Apnea&url=http://www.freebase.com/view/en/apnea&groups=Symptom
Apraxia&url=http://www.freebase.com/view/en/apraxia&groups=Symptom
Aracnodactilia&url=http://www.freebase.com/view/en/arachnodactyly&groups=Symptom
Arco senil&url=http://www.freebase.com/view/en/arcus_senilis&groups=Symptom
Arruga&url=http://www.freebase.com/view/en/wrinkle&groups=Symptom
Artritis&url=http://www.freebase.com/view/en/arthritis&groups=Symptom
Ascitis&url=http://www.freebase.com/view/en/ascites&groups=Symptom
Asma&url=http://www.freebase.com/view/en/asthma&groups=Symptom
Astenia&url=http://www.freebase.com/view/en/asthenia&groups=Symptom
Ataque de pánico&url=http://www.freebase.com/view/en/panic_attack&groups=Symptom
Ataxia&url=http://www.freebase.com/view/en/ataxia&groups=Symptom
Ataxia cerebelar&url=http://www.freebase.com/view/en/cerebellar_ataxia&groups=Symptom
Atrofia&url=http://www.freebase.com/view/en/atrophy&groups=Symptom
Atrofia muscular&url=http://www.freebase.com/view/en/muscle_atrophy&groups=Symptom
Automutilación&url=http://www.freebase.com/view/en/self-harm&groups=Symptom
Blefaroespasmo&url=http://www.freebase.com/view/en/blepharospasm&groups=Symptom
Bocio&url=http://www.freebase.com/view/en/goitre&groups=Symptom
Bostezo&url=http://www.freebase.com/view/en/yawn&groups=Symptom
Bradicardia&url=http://www.freebase.com/view/en/bradycardia&groups=Symptom
Braquidactilia&url=http://www.freebase.com/view/en/brachydactyly&groups=Symptom
Braquiocefalia&url=http://www.freebase.com/view/en/brachycephaly&groups=Symptom
Brida mongólica&url=http://www.freebase.com/view/en/epicanthal_fold&groups=Symptom
Bronceado&url=http://www.freebase.com/view/en/sun_tanning&groups=Symptom
Broncoespasmo&url=http://www.freebase.com/view/en/bronchospasm&groups=Symptom
Bronquiectasia&url=http://www.freebase.com/view/en/bronchiectasis&groups=Symptom
Bruxismo&url=http://www.freebase.com/view/en/bruxism&groups=Symptom
Calambre&url=http://www.freebase.com/view/en/cramp&groups=Symptom
Calcificación&url=http://www.freebase.com/view/en/calcinosis&groups=Symptom
Candidiasis&url=http://www.freebase.com/view/en/candidiasis&groups=Symptom
Cansancio&url=http://www.freebase.com/view/en/fatigue&groups=Symptom
Caquexia&url=http://www.freebase.com/view/en/cachexia&groups=Symptom
Cardiomegalia&url=http://www.freebase.com/view/en/cardiomegaly&groups=Symptom
Cardiopatía congénita&url=http://www.freebase.com/view/en/congenital_heart_defect&groups=Symptom
Caries&url=http://www.freebase.com/view/en/dental_caries&groups=Symptom
Caspa&url=http://www.freebase.com/view/en/dandruff&groups=Symptom
Cataplexia&url=http://www.freebase.com/view/en/cataplexy&groups=Symptom
Catarata&url=http://www.freebase.com/view/en/cataract&groups=Symptom
Catatonia&url=http://www.freebase.com/view/en/catatonia&groups=Symptom
Cefalea&url=http://www.freebase.com/view/en/headache&groups=Symptom
Ceguera&url=http://www.freebase.com/view/en/vision_loss&groups=Symptom
Cetoacidosis&url=http://www.freebase.com/view/en/ketoacidosis&groups=Symptom
Chancro&url=http://www.freebase.com/view/en/chancre&groups=Symptom
Choque circulatorio&url=http://www.freebase.com/view/en/shock&groups=Symptom
Cianosis&url=http://www.freebase.com/view/en/cyanosis&groups=Symptom
Cicloplegia&url=http://www.freebase.com/view/en/cycloplegia&groups=Symptom
Cifosis&url=http://www.freebase.com/view/en/kyphosis&groups=Symptom
Cinetosis&url=http://www.freebase.com/view/en/motion_sickness&groups=Symptom
Cirrosis hepática&url=http://www.freebase.com/view/en/cirrhosis&groups=Symptom
Ciática&url=http://www.freebase.com/view/en/sciatica&groups=Symptom
Claudicación neurógena&url=http://www.freebase.com/view/en/neurogenic_claudication&groups=Symptom
Clinodactilia&url=http://www.freebase.com/view/en/clinodactyly&groups=Symptom
Coagulación intravascular diseminada&url=http://www.freebase.com/view/en/disseminated_intravascular_coagulation&groups=Symptom
Coiloniquia&url=http://www.freebase.com/view/en/koilonychia&groups=Symptom
Color de piel&url=http://www.freebase.com/view/en/human_skin_color&groups=Symptom
Coma&url=http://www.freebase.com/view/en/coma&groups=Symptom
Comedón&url=http://www.freebase.com/view/en/blackhead&groups=Symptom
Complejo de inferioridad&url=http://www.freebase.com/view/en/inferiority_complex&groups=Symptom
Comunicación interventricular&url=http://www.freebase.com/view/en/ventricular_septal_defect&groups=Symptom
Confusión&url=http://www.freebase.com/view/en/mental_confusion&groups=Symptom
Conjuntivitis&url=http://www.freebase.com/view/en/conjunctivitis&groups=Symptom
Contracción muscular&url=http://www.freebase.com/view/en/muscle_contraction&groups=Symptom
Convulsión&url=http://www.freebase.com/view/en/seizure&groups=Symptom
Convulsión&url=http://www.freebase.com/view/en/convulsion&groups=Symptom
Convulsión febril&url=http://www.freebase.com/view/en/febrile_seizure&groups=Symptom
Coprolalia&url=http://www.freebase.com/view/en/coprolalia&groups=Symptom
Crepitante&url=http://www.freebase.com/view/en/rales&groups=Symptom
Criptorquidia&url=http://www.freebase.com/view/en/cryptorchidism&groups=Symptom
Cálculo renal&url=http://www.freebase.com/view/en/kidney_stone&groups=Symptom
Cáncer cervical&url=http://www.freebase.com/view/en/cervical_cancer&groups=Symptom
Cáncer de boca&url=http://www.freebase.com/view/en/oral_cancer&groups=Symptom
Cáncer óseo primario&url=http://www.freebase.com/view/en/bone_tumor&groups=Symptom
Cólico&url=http://www.freebase.com/view/en/baby_colic&groups=Symptom
Cólico nefrítico&url=http://www.freebase.com/view/en/renal_colic&groups=Symptom
Daltonismo&url=http://www.freebase.com/view/en/color_blindness&groups=Symptom
Dedo en martillo&url=http://www.freebase.com/view/en/hammer_toe&groups=Symptom
Deficiencia de glucosa-6-fosfato deshidrogenasa&url=http://www.freebase.com/view/en/glucose-6-phosphate_dehydrogenase_deficiency&groups=Symptom
Deficiencia de la hormona de crecimiento&url=http://www.freebase.com/view/en/growth_hormone_deficiency&groups=Symptom
Deformidad&url=http://www.freebase.com/view/en/deformity&groups=Symptom
Delirio&url=http://www.freebase.com/view/en/delusion&groups=Symptom
Delírium&url=http://www.freebase.com/view/en/delirium&groups=Symptom
Delírium trémens&url=http://www.freebase.com/view/en/delirium_tremens&groups=Symptom
Demencia&url=http://www.freebase.com/view/en/dementia&groups=Symptom
Deshidratación&url=http://www.freebase.com/view/en/dehydration&groups=Symptom
Desnutrición&url=http://www.freebase.com/view/en/malnutrition&groups=Symptom
Desprendimiento prematuro de placenta&url=http://www.freebase.com/view/en/placental_abruption&groups=Symptom
Diabetes insípida&url=http://www.freebase.com/view/en/diabetes_insipidus&groups=Symptom
Diabetes mellitus&url=http://www.freebase.com/view/en/diabetes_mellitus&groups=Symptom
Diaforesis&url=http://www.freebase.com/view/en/diaphoresis&groups=Symptom
Diagnóstico&url=http://www.freebase.com/view/en/diagnosis&groups=Symptom
Diarrea&url=http://www.freebase.com/view/en/diarrhea&groups=Symptom
Dificultades del aprendizaje&url=http://www.freebase.com/view/m/02qwpq0&groups=Symptom
Diplopía&url=http://www.freebase.com/view/en/diplopia&groups=Symptom
Disautonomía&url=http://www.freebase.com/view/en/dysautonomia&groups=Symptom
Discinesia&url=http://www.freebase.com/view/en/tardive_dyskinesia&groups=Symptom
Discinesia&url=http://www.freebase.com/view/en/dyskinesia&groups=Symptom
Disentería&url=http://www.freebase.com/view/en/dysentery&groups=Symptom
Disfagia&url=http://www.freebase.com/view/en/dysphagia&groups=Symptom
Disfasia&url=http://www.freebase.com/view/en/dysphasia&groups=Symptom
Disforia&url=http://www.freebase.com/view/en/dysphoria&groups=Symptom
Disfunción eréctil&url=http://www.freebase.com/view/en/erectile_dysfunction&groups=Symptom
Disfunción sexual&url=http://www.freebase.com/view/en/sexual_dysfunction&groups=Symptom
Disgeusia&url=http://www.freebase.com/view/en/dysgeusia&groups=Symptom
Dismenorrea&url=http://www.freebase.com/view/en/dysmenorrhea&groups=Symptom
Disnea&url=http://www.freebase.com/view/en/dyspnea&groups=Symptom
Disnea paroxística nocturna&url=http://www.freebase.com/view/en/paroxysmal_nocturnal_dyspnea&groups=Symptom
Dispareunia&url=http://www.freebase.com/view/en/dyspareunia&groups=Symptom
Dispepsia&url=http://www.freebase.com/view/en/dyspepsia&groups=Symptom
Distonía&url=http://www.freebase.com/view/en/dystonia&groups=Symptom
Distrofia endotelial de Fuchs&url=http://www.freebase.com/view/en/fuchs_dystrophy&groups=Symptom
Disuria&url=http://www.freebase.com/view/en/dysuria&groups=Symptom
Dolor&url=http://www.freebase.com/view/en/pain&groups=Symptom
Dolor abdominal&url=http://www.freebase.com/view/en/abdominal_pain&groups=Symptom
Eccema&url=http://www.freebase.com/view/en/eczema&groups=Symptom
Ecolalia&url=http://www.freebase.com/view/en/echolalia&groups=Symptom
Edema&url=http://www.freebase.com/view/en/edema&groups=Symptom
Edema agudo de pulmón&url=http://www.freebase.com/view/en/pulmonary_edema&groups=Symptom
Edema de papila&url=http://www.freebase.com/view/en/papilledema&groups=Symptom
Ejercicio físico&url=http://www.freebase.com/view/en/physical_exercise&groups=Symptom
Enanismo&url=http://www.freebase.com/view/en/dwarfism&groups=Symptom
Encefalitis&url=http://www.freebase.com/view/en/encephalitis&groups=Symptom
Encefalopatía hepática&url=http://www.freebase.com/view/en/hepatic_encephalopathy&groups=Symptom
Encopresis infantil&url=http://www.freebase.com/view/en/encopresis&groups=Symptom
Enfermedad de Dupuytren&url=http://www.freebase.com/view/en/dupuytrens_contracture&groups=Symptom
Enfermedad mental&url=http://www.freebase.com/view/en/mental_illness&groups=Symptom
Enfermedad pélvica inflamatoria&url=http://www.freebase.com/view/en/pelvic_inflammatory_disease&groups=Symptom
Enuresis&url=http://www.freebase.com/view/en/bedwetting&groups=Symptom
Epilepsia&url=http://www.freebase.com/view/en/epilepsy&groups=Symptom
Epífora&url=http://www.freebase.com/view/en/epiphora&groups=Symptom
Equimosis&url=http://www.freebase.com/view/en/bruise&groups=Symptom
Eritema&url=http://www.freebase.com/view/en/erythema&groups=Symptom
Eructo&url=http://www.freebase.com/view/en/burping&groups=Symptom
Escafocefalia&url=http://www.freebase.com/view/en/scaphocephaly&groups=Symptom
Escoliosis&url=http://www.freebase.com/view/en/scoliosis&groups=Symptom
Escotoma&url=http://www.freebase.com/view/en/scotoma&groups=Symptom
Escroto agudo&url=http://www.freebase.com/view/en/testicle_pain&groups=Symptom
Espalda#Dolor de espalda&url=http://www.freebase.com/view/en/back_pain&groups=Symptom
Espasmo muscular&url=http://www.freebase.com/view/en/muscle_spasms&groups=Symptom
Espasticidad&url=http://www.freebase.com/view/en/spasticity&groups=Symptom
Estado de conciencia&url=http://www.freebase.com/view/en/loss_of_consciousness&groups=Symptom
Estornudo&url=http://www.freebase.com/view/en/sneeze&groups=Symptom
Estrabismo&url=http://www.freebase.com/view/en/strabismus&groups=Symptom
Estreñimiento&url=http://www.freebase.com/view/en/constipation&groups=Symptom
Exoforia&url=http://www.freebase.com/view/en/exotropia&groups=Symptom
Exoftalmia&url=http://www.freebase.com/view/en/exophthalmos&groups=Symptom
Extrasístole&url=http://www.freebase.com/view/en/premature_ventricular_contraction&groups=Symptom
Eyaculación precoz&url=http://www.freebase.com/view/en/premature_ejaculation&groups=Symptom
Faringitis&url=http://www.freebase.com/view/en/pharyngitis&groups=Symptom
Fasciculación&url=http://www.freebase.com/view/en/fasciculation&groups=Symptom
Felicidad&url=http://www.freebase.com/view/en/happiness&groups=Symptom
Fibrilación auricular&url=http://www.freebase.com/view/en/atrial_fibrillation&groups=Symptom
Fibrilación ventricular&url=http://www.freebase.com/view/en/ventricular_fibrillation&groups=Symptom
Fibromialgia&url=http://www.freebase.com/view/en/fibromyalgia&groups=Symptom
Fibrosis&url=http://www.freebase.com/view/en/fibrosis&groups=Symptom
Fiebre&url=http://www.freebase.com/view/en/fever&groups=Symptom
Fisura anal&url=http://www.freebase.com/view/en/anal_fissure&groups=Symptom
Flatulencia&url=http://www.freebase.com/view/en/flatulence&groups=Symptom
Forúnculo&url=http://www.freebase.com/view/en/boil&groups=Symptom
Fotoalergia&url=http://www.freebase.com/view/en/photodermatitis&groups=Symptom
Fotofobia&url=http://www.freebase.com/view/en/photophobia&groups=Symptom
Fractura&url=http://www.freebase.com/view/en/bone_fracture&groups=Symptom
Gangrena&url=http://www.freebase.com/view/en/gangrene&groups=Symptom
Gigantismo&url=http://www.freebase.com/view/en/gigantism&groups=Symptom
Ginecomastia&url=http://www.freebase.com/view/en/gynecomastia&groups=Symptom
Gingivitis&url=http://www.freebase.com/view/en/gingivitis&groups=Symptom
Glomerulonefritis&url=http://www.freebase.com/view/en/glomerulonephritis&groups=Symptom
Glositis&url=http://www.freebase.com/view/en/glossitis&groups=Symptom
Gota&url=http://www.freebase.com/view/en/gout&groups=Symptom
Granulomatosis crónica&url=http://www.freebase.com/view/en/granuloma&groups=Symptom
Halitosis&url=http://www.freebase.com/view/en/halitosis&groups=Symptom
Hallux valgus&url=http://www.freebase.com/view/en/bunion&groups=Symptom
Hambre&url=http://www.freebase.com/view/en/hunger&groups=Symptom
Hemangioma&url=http://www.freebase.com/view/en/hemangioma&groups=Symptom
Hematemesis&url=http://www.freebase.com/view/en/hematemesis&groups=Symptom
Hematoma&url=http://www.freebase.com/view/en/hematoma&groups=Symptom
Hematuria&url=http://www.freebase.com/view/en/hematuria&groups=Symptom
Hemiplejía&url=http://www.freebase.com/view/en/hemiplegia&groups=Symptom
Hemoptisis&url=http://www.freebase.com/view/en/hemoptysis&groups=Symptom
Hemorragia&url=http://www.freebase.com/view/en/bleeding&groups=Symptom
Hemospermia&url=http://www.freebase.com/view/en/hematospermia&groups=Symptom
Hepatomegalia&url=http://www.freebase.com/view/en/hepatomegaly&groups=Symptom
Hepatotoxicidad&url=http://www.freebase.com/view/en/hepatotoxicity&groups=Symptom
Hidrocefalia&url=http://www.freebase.com/view/en/hydrocephalus&groups=Symptom
Hidrocele&url=http://www.freebase.com/view/en/hydrocele&groups=Symptom
Hidropesía&url=http://www.freebase.com/view/en/water_retention&groups=Symptom
Hipema&url=http://www.freebase.com/view/en/hyphema&groups=Symptom
Hipercapnia&url=http://www.freebase.com/view/en/hypercapnia&groups=Symptom
Hiperestesia&url=http://www.freebase.com/view/en/hyperesthesia&groups=Symptom
Hiperfosfatemia&url=http://www.freebase.com/view/en/hyperphosphatemia&groups=Symptom
Hiperglucemia&url=http://www.freebase.com/view/en/hyperglycemia&groups=Symptom
Hiperhidrosis&url=http://www.freebase.com/view/en/hyperhidrosis&groups=Symptom
Hiperlipidosis&url=http://www.freebase.com/view/en/hyperlipidemia&groups=Symptom
Hipermetropía&url=http://www.freebase.com/view/en/hyperopia&groups=Symptom
Hipernatremia&url=http://www.freebase.com/view/en/hypernatremia&groups=Symptom
Hiperpotasemia&url=http://www.freebase.com/view/en/hyperkalemia&groups=Symptom
Hiperqueratosis&url=http://www.freebase.com/view/en/hyperkeratosis&groups=Symptom
Hipersexualidad&url=http://www.freebase.com/view/en/hypersexuality&groups=Symptom
Hipersomnia primaria&url=http://www.freebase.com/view/en/hypersomnia&groups=Symptom
Hipertensión arterial&url=http://www.freebase.com/view/en/hypertension&groups=Symptom
Hipertensión arterial pulmonar&url=http://www.freebase.com/view/en/pulmonary_hypertension&groups=Symptom
Hipertensión portal&url=http://www.freebase.com/view/en/portal_hypertension&groups=Symptom
Hipertermia&url=http://www.freebase.com/view/en/hyperthermia&groups=Symptom
Hipertiroidismo&url=http://www.freebase.com/view/en/hyperthyroidism&groups=Symptom
Hipertricosis&url=http://www.freebase.com/view/en/hypertrichosis&groups=Symptom
Hipertrofia ventricular izquierda&url=http://www.freebase.com/view/en/left_ventricular_hypertrophy&groups=Symptom
Hipertrofia virginal de los senos&url=http://www.freebase.com/view/en/gigantomastia&groups=Symptom
Hiperémesis gravídica&url=http://www.freebase.com/view/en/hyperemesis_gravidarum&groups=Symptom
Hipo&url=http://www.freebase.com/view/en/hiccup&groups=Symptom
Hipocalcemia&url=http://www.freebase.com/view/en/hypocalcaemia&groups=Symptom
Hipoglucemia&url=http://www.freebase.com/view/en/hypoglycemia&groups=Symptom
Hipogonadismo&url=http://www.freebase.com/view/en/hypogonadism&groups=Symptom
Hipomanía&url=http://www.freebase.com/view/en/hypomania&groups=Symptom
Hipoparatiroidismo&url=http://www.freebase.com/view/en/hypoparathyroidism&groups=Symptom
Hipopotasemia&url=http://www.freebase.com/view/en/hypokalemia&groups=Symptom
Hipotensión&url=http://www.freebase.com/view/en/hypotension&groups=Symptom
Hipotensión ortostática&url=http://www.freebase.com/view/en/orthostatic_hypotension&groups=Symptom
Hipotermia&url=http://www.freebase.com/view/en/hypothermia&groups=Symptom
Hipotiroidismo&url=http://www.freebase.com/view/en/hypothyroidism&groups=Symptom
Hipotonía&url=http://www.freebase.com/view/en/hypotonia&groups=Symptom
Hipoxemia&url=http://www.freebase.com/view/en/hypoxemia&groups=Symptom
Hipoxia&url=http://www.freebase.com/view/en/hypoxia&groups=Symptom
Hirsutismo&url=http://www.freebase.com/view/en/hirsutism&groups=Symptom
Historia de la depresión&url=http://www.freebase.com/view/en/melancholia&groups=Symptom
Ictericia&url=http://www.freebase.com/view/en/jaundice&groups=Symptom
Ictiosis&url=http://www.freebase.com/view/en/ichthyosis&groups=Symptom
Impétigo&url=http://www.freebase.com/view/en/impetigo&groups=Symptom
Inanición&url=http://www.freebase.com/view/en/starvation&groups=Symptom
Incontinencia urinaria&url=http://www.freebase.com/view/en/urinary_incontinence&groups=Symptom
Infarto agudo de miocardio&url=http://www.freebase.com/view/en/myocardial_infarction&groups=Symptom
Infección&url=http://www.freebase.com/view/en/infection&groups=Symptom
Infección oportunista&url=http://www.freebase.com/view/en/opportunistic_infection&groups=Symptom
Infección respiratoria alta&url=http://www.freebase.com/view/en/upper_respiratory_tract_infection&groups=Symptom
Infección urinaria&url=http://www.freebase.com/view/en/urinary_tract_infection&groups=Symptom
Infertilidad&url=http://www.freebase.com/view/en/infertility&groups=Symptom
Inflamación&url=http://www.freebase.com/view/en/inflammation&groups=Symptom
Inmunodeficiencia&url=http://www.freebase.com/view/en/immunodeficiency&groups=Symptom
Inmunosupresión&url=http://www.freebase.com/view/en/immunosuppression&groups=Symptom
Insomnio&url=http://www.freebase.com/view/en/insomnia&groups=Symptom
Insuficiencia cardíaca&url=http://www.freebase.com/view/en/congestive_heart_failure&groups=Symptom
Insuficiencia renal&url=http://www.freebase.com/view/en/renal_failure&groups=Symptom
Insuficiencia renal aguda&url=http://www.freebase.com/view/en/acute_renal_failure&groups=Symptom
Insuficiencia respiratoria&url=http://www.freebase.com/view/en/respiratory_failure&groups=Symptom
Intolerancia a la lactosa&url=http://www.freebase.com/view/en/lactose_intolerance&groups=Symptom
Ira&url=http://www.freebase.com/view/en/anger&groups=Symptom
Iritis&url=http://www.freebase.com/view/en/iritis&groups=Symptom
Irritabilidad&url=http://www.freebase.com/view/en/irritability&groups=Symptom
Isquemia&url=http://www.freebase.com/view/en/ischemia&groups=Symptom
Labilidad emocional&url=http://www.freebase.com/view/en/mood_swing&groups=Symptom
Labio leporino&url=http://www.freebase.com/view/en/cleft&groups=Symptom
Leucemia&url=http://www.freebase.com/view/en/leukemia&groups=Symptom
Leucocitosis&url=http://www.freebase.com/view/en/leukocytosis&groups=Symptom
Leucocoria&url=http://www.freebase.com/view/en/leukocoria&groups=Symptom
Linfedema&url=http://www.freebase.com/view/en/lymphedema&groups=Symptom
Lipodistrofia&url=http://www.freebase.com/view/en/lipodystrophy&groups=Symptom
Liquenificación&url=http://www.freebase.com/view/en/lichenification&groups=Symptom
Litiasis biliar&url=http://www.freebase.com/view/en/biliary_colic&groups=Symptom
Lordosis&url=http://www.freebase.com/view/en/lordosis&groups=Symptom
Macrocefalia&url=http://www.freebase.com/view/en/megalocephaly&groups=Symptom
Macroglosia&url=http://www.freebase.com/view/en/macroglossia&groups=Symptom
Malabsorción&url=http://www.freebase.com/view/en/malabsorption&groups=Symptom
Malestar&url=http://www.freebase.com/view/en/malaise&groups=Symptom
Maloclusión&url=http://www.freebase.com/view/en/malocclusion&groups=Symptom
Manía&url=http://www.freebase.com/view/en/mania&groups=Symptom
Mastalgia&url=http://www.freebase.com/view/en/mastalgia&groups=Symptom
Melena&url=http://www.freebase.com/view/en/melena&groups=Symptom
Meningitis&url=http://www.freebase.com/view/en/meningitis&groups=Symptom
Menorragia&url=http://www.freebase.com/view/en/menorrhagia&groups=Symptom
Meteorismo&url=http://www.freebase.com/view/en/bloating&groups=Symptom
Metrorragia&url=http://www.freebase.com/view/en/metrorrhagia&groups=Symptom
Microcefalia&url=http://www.freebase.com/view/en/microcephaly&groups=Symptom
Midriasis&url=http://www.freebase.com/view/en/mydriasis&groups=Symptom
Mielopatía&url=http://www.freebase.com/view/en/polyneuropathy&groups=Symptom
Mioclono&url=http://www.freebase.com/view/en/myoclonus&groups=Symptom
Miodesopsias&url=http://www.freebase.com/view/en/floater&groups=Symptom
Miopatía&url=http://www.freebase.com/view/en/myopathy&groups=Symptom
Miopía&url=http://www.freebase.com/view/en/myopia&groups=Symptom
Miosis&url=http://www.freebase.com/view/en/miosis&groups=Symptom
Mixedema&url=http://www.freebase.com/view/en/myxedema&groups=Symptom
Narcisismo&url=http://www.freebase.com/view/authority/us/gov/hhs/nih/nlm/mesh/D009289&groups=Symptom
Necrosis&url=http://www.freebase.com/view/en/necrosis&groups=Symptom
Neumonía&url=http://www.freebase.com/view/en/pneumonia&groups=Symptom
Neuropatía periférica&url=http://www.freebase.com/view/en/peripheral_neuropathy&groups=Symptom
Nevus melanocítico&url=http://www.freebase.com/view/m/0dc28&groups=Symptom
Nistagmo&url=http://www.freebase.com/view/en/nystagmus&groups=Symptom
Náusea&url=http://www.freebase.com/view/en/nausea&groups=Symptom
Nódulo&url=http://www.freebase.com/view/authority/us/gov/hhs/nih/nlm/umls/C0028259&groups=Symptom
Nódulo tiroideo&url=http://www.freebase.com/view/en/thyroid_nodule&groups=Symptom
Obesidad&url=http://www.freebase.com/view/en/obesity&groups=Symptom
Odinofagia&url=http://www.freebase.com/view/en/odynophagia&groups=Symptom
Ojo rojo&url=http://www.freebase.com/view/base/ranker/rankerurlname/red-eye$002F2872292&groups=Symptom
Oliguria&url=http://www.freebase.com/view/en/oliguria&groups=Symptom
Ortopnea&url=http://www.freebase.com/view/en/orthopnoea&groups=Symptom
Osteofito&url=http://www.freebase.com/view/en/bone_spur&groups=Symptom
Osteoporosis&url=http://www.freebase.com/view/en/osteoporosis&groups=Symptom
Osteítis fibrosa&url=http://www.freebase.com/view/en/osteitis_fibrosa_cystica&groups=Symptom
Parada cardiorrespiratoria&url=http://www.freebase.com/view/en/cardiac_arrest&groups=Symptom
Parafasia&url=http://www.freebase.com/view/en/paraphasia&groups=Symptom
Paranoia&url=http://www.freebase.com/view/en/paranoia&groups=Symptom
Paraplejía&url=http://www.freebase.com/view/en/paraplegia&groups=Symptom
Paresia&url=http://www.freebase.com/view/en/paresis&groups=Symptom
Parestesia&url=http://www.freebase.com/view/en/paresthesia&groups=Symptom
Parálisis&url=http://www.freebase.com/view/en/paralysis&groups=Symptom
Parálisis facial periférica&url=http://www.freebase.com/view/en/bells_palsy&groups=Symptom
Parálisis facial periférica&url=http://www.freebase.com/view/en/acute_facial_nerve_paralysis&groups=Symptom
Parálisis flácida&url=http://www.freebase.com/view/en/acute_flaccid_paralysis&groups=Symptom
Peca&url=http://www.freebase.com/view/en/freckle&groups=Symptom
Pectus excavatum&url=http://www.freebase.com/view/en/pectus_excavatum&groups=Symptom
Pesadilla&url=http://www.freebase.com/view/en/nightmare&groups=Symptom
Peso bajo&url=http://www.freebase.com/view/en/underweight&groups=Symptom
Petequia&url=http://www.freebase.com/view/en/petechia&groups=Symptom
Pica&url=http://www.freebase.com/view/en/pica&groups=Symptom
Pielonefritis&url=http://www.freebase.com/view/en/pyelonephritis&groups=Symptom
Pirosis&url=http://www.freebase.com/view/en/heartburn&groups=Symptom
Platipnea&url=http://www.freebase.com/view/en/platypnea&groups=Symptom
Policitemia&url=http://www.freebase.com/view/en/polycythemia&groups=Symptom
Polidipsia&url=http://www.freebase.com/view/en/polydipsia&groups=Symptom
Polifagia&url=http://www.freebase.com/view/en/polyphagia&groups=Symptom
Poliposis nasal&url=http://www.freebase.com/view/en/nasal_polyp&groups=Symptom
Poliuria&url=http://www.freebase.com/view/en/polyuria&groups=Symptom
Preeclampsia&url=http://www.freebase.com/view/en/pre-eclampsia&groups=Symptom
Priapismo&url=http://www.freebase.com/view/en/priapism&groups=Symptom
Privación de sueño&url=http://www.freebase.com/view/en/sleep_deprivation&groups=Symptom
Prolapso rectal&url=http://www.freebase.com/view/en/rectal_prolapse&groups=Symptom
Proteinuria&url=http://www.freebase.com/view/en/proteinuria&groups=Symptom
Prurito&url=http://www.freebase.com/view/en/pruritus&groups=Symptom
Psicosis&url=http://www.freebase.com/view/en/psychosis&groups=Symptom
Psoriasis&url=http://www.freebase.com/view/en/psoriasis&groups=Symptom
Pubertad precoz&url=http://www.freebase.com/view/en/precocious_puberty&groups=Symptom
Pulso paradójico&url=http://www.freebase.com/view/en/pulsus_paradoxus&groups=Symptom
Pupila de Argyll Roberston&url=http://www.freebase.com/view/en/argyll_robertson_pupil&groups=Symptom
Pápulas perladas&url=http://www.freebase.com/view/en/hirsuties_papillaris_genitalis&groups=Symptom
Queilitis angular&url=http://www.freebase.com/view/en/angular_cheilitis&groups=Symptom
Quemosis&url=http://www.freebase.com/view/en/chemosis&groups=Symptom
Queratitis&url=http://www.freebase.com/view/en/keratitis&groups=Symptom
Quiste&url=http://www.freebase.com/view/en/cyst&groups=Symptom
Quiste epidermoide&url=http://www.freebase.com/view/en/epidermoid_cyst&groups=Symptom
Radiculopatía&url=http://www.freebase.com/view/en/radiculopathy&groups=Symptom
Raquitismo&url=http://www.freebase.com/view/en/osteomalacia&groups=Symptom
Rash (dermatología)&url=http://www.freebase.com/view/en/skin_rash&groups=Symptom
Resaca&url=http://www.freebase.com/view/en/hangover&groups=Symptom
Resfriado común&url=http://www.freebase.com/view/en/common_cold&groups=Symptom
Reticulocitosis&url=http://www.freebase.com/view/en/reticulocytosis&groups=Symptom
Retraso mental&url=http://www.freebase.com/view/en/mental_retardation&groups=Symptom
Rigidez&url=http://www.freebase.com/view/en/stiffness&groups=Symptom
Rinitis&url=http://www.freebase.com/view/en/rhinitis&groups=Symptom
Riñón en herradura&url=http://www.freebase.com/view/en/horseshoe_kidney&groups=Symptom
Ronquido&url=http://www.freebase.com/view/en/snoring&groups=Symptom
Sarcoma de Kaposi&url=http://www.freebase.com/view/en/kaposis_sarcoma&groups=Symptom
Seborrea&url=http://www.freebase.com/view/en/seborrhoeic_dermatitis&groups=Symptom
Sialorrea&url=http://www.freebase.com/view/en/drooling&groups=Symptom
Sibilancia&url=http://www.freebase.com/view/en/wheeze&groups=Symptom
Signo de Blumberg&url=http://www.freebase.com/view/en/blumberg_sign&groups=Symptom
Signo de Chvostek&url=http://www.freebase.com/view/en/chvosteks_sign&groups=Symptom
Signo de Crowe&url=http://www.freebase.com/view/en/crowe_sign&groups=Symptom
Signo de Grey Turner&url=http://www.freebase.com/view/en/grey_turners_sign&groups=Symptom
Signo de Murphy&url=http://www.freebase.com/view/en/murphys_sign&groups=Symptom
Signo de Rovsing&url=http://www.freebase.com/view/en/rovsings_sign&groups=Symptom
Signo del psoas&url=http://www.freebase.com/view/en/psoas_sign&groups=Symptom
Sinusitis&url=http://www.freebase.com/view/en/sinusitis&groups=Symptom
Sobrepeso&url=http://www.freebase.com/view/en/overweight&groups=Symptom
Sofoco&url=http://www.freebase.com/view/en/hot_flush&groups=Symptom
Somnolencia&url=http://www.freebase.com/view/en/somnolence&groups=Symptom
Soplo cardiaco&url=http://www.freebase.com/view/en/heart_murmur&groups=Symptom
Sordera&url=http://www.freebase.com/view/en/hearing_impairment&groups=Symptom
Sordera&url=http://www.freebase.com/view/en/deafness&groups=Symptom
Sudor&url=http://www.freebase.com/view/en/sweating&groups=Symptom
Sufrimiento fetal agudo&url=http://www.freebase.com/view/en/fetal_distress&groups=Symptom
Síncope&url=http://www.freebase.com/view/en/fainting&groups=Symptom
Síndrome de Adie&url=http://www.freebase.com/view/en/adie_syndrome&groups=Symptom
Síndrome de apnea-hipopnea durante el sueño&url=http://www.freebase.com/view/en/sleep_apnea&groups=Symptom
Síndrome de Behcet&url=http://www.freebase.com/view/en/behcets_disease&groups=Symptom
Síndrome de Claude-Bernard-Horner&url=http://www.freebase.com/view/en/horners_syndrome&groups=Symptom
Síndrome de Cushing&url=http://www.freebase.com/view/en/cushings_syndrome&groups=Symptom
Síndrome de distrés respiratorio agudo&url=http://www.freebase.com/view/en/acute_respiratory_distress_syndrome&groups=Symptom
Síndrome de las piernas inquietas&url=http://www.freebase.com/view/en/restless_legs_syndrome&groups=Symptom
Síndrome de Raynaud&url=http://www.freebase.com/view/en/raynauds_phenomenon&groups=Symptom
Síndrome del túnel carpiano&url=http://www.freebase.com/view/en/carpal_tunnel_syndrome&groups=Symptom
Síndrome nefrítico&url=http://www.freebase.com/view/en/nephritic_syndrome&groups=Symptom
Taquicardia sinusal&url=http://www.freebase.com/view/en/sinus_tachycardia&groups=Symptom
Taquipnea&url=http://www.freebase.com/view/en/tachypnea&groups=Symptom
Tartamudez&url=http://www.freebase.com/view/en/stuttering&groups=Symptom
Telangiectasia&url=http://www.freebase.com/view/en/telangiectasia&groups=Symptom
Temblor&url=http://www.freebase.com/view/en/tremor&groups=Symptom
Tendencia autodestructiva&url=http://www.freebase.com/view/en/self_destructive_behaviour&groups=Symptom
Tendinitis&url=http://www.freebase.com/view/en/tendonitis&groups=Symptom
Tenesmo vesical&url=http://www.freebase.com/view/en/vesical_tenesmus&groups=Symptom
Terror nocturno&url=http://www.freebase.com/view/en/night_terror&groups=Symptom
Tetralogía de Fallot&url=http://www.freebase.com/view/en/tetralogy_of_fallot&groups=Symptom
Tetraplejía&url=http://www.freebase.com/view/en/quadriplegia&groups=Symptom
Tic&url=http://www.freebase.com/view/en/tic&groups=Symptom
Tofo&url=http://www.freebase.com/view/en/tophus&groups=Symptom
Tortícolis&url=http://www.freebase.com/view/en/torticollis&groups=Symptom
Tos&url=http://www.freebase.com/view/en/cough&groups=Symptom
Trastorno de ansiedad&url=http://www.freebase.com/view/en/anxiety&groups=Symptom
Trastorno de la personalidad por dependencia&url=http://www.freebase.com/view/en/dependent_personality_disorder&groups=Symptom
Trastorno de la personalidad por evitación&url=http://www.freebase.com/view/en/avoidant_personality_disorder&groups=Symptom
Trastorno del sueño&url=http://www.freebase.com/view/en/sleep_disorder&groups=Symptom
Trastorno delirante&url=http://www.freebase.com/view/en/delusional_disorder&groups=Symptom
Trastorno hidroelectrolítico&url=http://www.freebase.com/view/en/electrolyte_disturbance&groups=Symptom
Trastornos del estado de ánimo&url=http://www.freebase.com/view/en/mood_disorder&groups=Symptom
Trastornos del ritmo cardíaco&url=http://www.freebase.com/view/en/cardiac_arrhythmia&groups=Symptom
Tristeza&url=http://www.freebase.com/view/en/sadness&groups=Symptom
Trombocitopenia&url=http://www.freebase.com/view/en/thrombocytopenia&groups=Symptom
Trombosis venosa profunda&url=http://www.freebase.com/view/en/deep_vein_thrombosis&groups=Symptom
Tumor&url=http://www.freebase.com/view/en/tumor&groups=Symptom
Tumor cerebral&url=http://www.freebase.com/view/en/brain_tumor&groups=Symptom
Turgencia&url=http://www.freebase.com/view/en/swelling&groups=Symptom
Uretritis&url=http://www.freebase.com/view/en/urethritis&groups=Symptom
Urticaria&url=http://www.freebase.com/view/en/urticaria&groups=Symptom
Uveítis&url=http://www.freebase.com/view/en/uveitis&groups=Symptom
Vaginitis&url=http://www.freebase.com/view/en/vaginitis&groups=Symptom
Vaginosis bacteriana&url=http://www.freebase.com/view/en/bacterial_vaginosis&groups=Symptom
Varices esofágicas&url=http://www.freebase.com/view/en/esophageal_varices&groups=Symptom
Variz&url=http://www.freebase.com/view/en/varicose_veins&groups=Symptom
Verruga&url=http://www.freebase.com/view/en/wart&groups=Symptom
Verruga genital&url=http://www.freebase.com/view/en/genital_wart&groups=Symptom
Vértigo&url=http://www.freebase.com/view/en/dizziness&groups=Symptom
Vértigo&url=http://www.freebase.com/view/en/vertigo&groups=Symptom
Vómito&url=http://www.freebase.com/view/en/vomiting&groups=Symptom
Xantopsia&url=http://www.freebase.com/view/en/xanthopsia&groups=Symptom
Xeroftalmia&url=http://www.freebase.com/view/en/nyctalopia&groups=Symptom
Xeroftalmia&url=http://www.freebase.com/view/en/xerophthalmia&groups=Symptom
Xerostomía&url=http://www.freebase.com/view/en/xerostomia&groups=Symptom
Úlcera&url=http://www.freebase.com/view/en/peptic_ulcer&groups=Symptom
Úlcera&url=http://www.freebase.com/view/en/ulcer&groups=Symptom
