5-fluorouracilo&url=http://www.freebase.com/view/en/fluorouracil&groups=Treatment
Abstinencia&url=http://www.freebase.com/view/en/abstinence&groups=Treatment
Acacia&url=http://www.freebase.com/view/en/acacia&groups=Treatment
Acarbosa&url=http://www.freebase.com/view/en/acarbose&groups=Treatment
Aceclidina&url=http://www.freebase.com/view/en/aceclidine&groups=Treatment
Acetarsona&url=http://www.freebase.com/view/en/acetarsol&groups=Treatment
Acetazolamida&url=http://www.freebase.com/view/en/acetazolamide&groups=Treatment
Acetilcolina&url=http://www.freebase.com/view/en/acetylcholine&groups=Treatment
Acetónido de fluocinolona&url=http://www.freebase.com/view/en/fluocinolone_acetonide&groups=Treatment
Achillea millefolium&url=http://www.freebase.com/view/en/yarrow&groups=Treatment
Actinidia deliciosa&url=http://www.freebase.com/view/en/kiwifruit&groups=Treatment
Activador tisular del plasminógeno&url=http://www.freebase.com/view/en/tissue_plasminogen_activator&groups=Treatment
Acupuntura&url=http://www.freebase.com/view/en/acupuncture&groups=Treatment
Adenosina&url=http://www.freebase.com/view/en/adenosine&groups=Treatment
Adrenalina&url=http://www.freebase.com/view/en/epinephrine&groups=Treatment
Agente antiarrítmico&url=http://www.freebase.com/view/en/antiarrhythmic_agent&groups=Treatment
Albendazol&url=http://www.freebase.com/view/en/albendazole&groups=Treatment
Alfentanilo&url=http://www.freebase.com/view/en/alfentanil&groups=Treatment
Allium cepa&url=http://www.freebase.com/view/en/onion&groups=Treatment
Allium sativum&url=http://www.freebase.com/view/en/garlic&groups=Treatment
Almotriptán&url=http://www.freebase.com/view/en/almotriptan&groups=Treatment
Aloe&url=http://www.freebase.com/view/en/aloe&groups=Treatment
Aloe vera&url=http://www.freebase.com/view/en/aloe_vera&groups=Treatment
Amantadina&url=http://www.freebase.com/view/en/amantadine&groups=Treatment
Amida de ácido D-lisérgico&url=http://www.freebase.com/view/en/ergine&groups=Treatment
Amigdalectomía&url=http://www.freebase.com/view/en/tonsillectomy&groups=Treatment
Amilorida&url=http://www.freebase.com/view/en/amiloride&groups=Treatment
Amiodarona&url=http://www.freebase.com/view/en/amiodarone&groups=Treatment
Amitriptilina&url=http://www.freebase.com/view/en/amitriptyline&groups=Treatment
Amlodipina&url=http://www.freebase.com/view/en/amlodipine&groups=Treatment
Amoxicilina&url=http://www.freebase.com/view/en/amoxicillin&groups=Treatment
Ampicilina&url=http://www.freebase.com/view/en/ampicillin&groups=Treatment
Ampicilina/sulbactam&url=http://www.freebase.com/view/en/ampicillin_sulbactam&groups=Treatment
Amputación&url=http://www.freebase.com/view/en/amputation&groups=Treatment
Anabolizante androgénico esteroideo&url=http://www.freebase.com/view/en/anabolic_steroid&groups=Treatment
Anacardium occidentale&url=http://www.freebase.com/view/en/cashew&groups=Treatment
Analgésico&url=http://www.freebase.com/view/en/analgesic&groups=Treatment
Ananas comosus&url=http://www.freebase.com/view/en/pineapple&groups=Treatment
Androstediona&url=http://www.freebase.com/view/en/androstenedione&groups=Treatment
Anestésico local&url=http://www.freebase.com/view/en/local_anesthetic&groups=Treatment
Anethum graveolens&url=http://www.freebase.com/view/en/dill&groups=Treatment
Anfetamina&url=http://www.freebase.com/view/en/amphetamine&groups=Treatment
Anfotericina B&url=http://www.freebase.com/view/en/amphotericin_b&groups=Treatment
Angioplastia&url=http://www.freebase.com/view/en/angioplasty&groups=Treatment
Ansiolítico&url=http://www.freebase.com/view/en/anxiolytic&groups=Treatment
Antagonista de la aldosterona&url=http://www.freebase.com/view/en/aldosterone_antagonist&groups=Treatment
Antagonista H1&url=http://www.freebase.com/view/en/antihistamine&groups=Treatment
Antagonista H2&url=http://www.freebase.com/view/en/h_receptor_antagonist&groups=Treatment
Antagonistas del receptor de leucotrieno&url=http://www.freebase.com/view/en/leukotriene_antagonist&groups=Treatment
Anti-TNF&url=http://www.freebase.com/view/en/tnf_inhibitor&groups=Treatment
Antiandrógeno&url=http://www.freebase.com/view/en/antiandrogen&groups=Treatment
Antibiótico&url=http://www.freebase.com/view/en/antibiotic&groups=Treatment
Antibiótico betalactámico&url=http://www.freebase.com/view/en/beta-lactam_antibiotic&groups=Treatment
Anticoagulante&url=http://www.freebase.com/view/en/anticoagulant&groups=Treatment
Anticolinérgico&url=http://www.freebase.com/view/en/anticholinergic&groups=Treatment
Anticonceptivo de emergencia&url=http://www.freebase.com/view/en/emergency_contraception&groups=Treatment
Antidepresivo&url=http://www.freebase.com/view/en/antidepressant&groups=Treatment
Antidepresivo tetracíclico&url=http://www.freebase.com/view/en/tetracyclic_antidepressant&groups=Treatment
Antidepresivo tricíclico&url=http://www.freebase.com/view/en/tricyclic_antidepressant&groups=Treatment
Antidiabético&url=http://www.freebase.com/view/en/anti-diabetic_drug&groups=Treatment
Antiemético&url=http://www.freebase.com/view/en/antiemetic&groups=Treatment
Antiepiléptico&url=http://www.freebase.com/view/en/anticonvulsant&groups=Treatment
Antifúngico&url=http://www.freebase.com/view/en/antifungal_drug&groups=Treatment
Antihelmíntico&url=http://www.freebase.com/view/en/anthelmintic&groups=Treatment
Antihipertensivo&url=http://www.freebase.com/view/en/antihypertensive&groups=Treatment
Antihistamínico&url=http://www.freebase.com/view/en/histamine_antagonist&groups=Treatment
Antiinflamatorio no esteroideo&url=http://www.freebase.com/view/en/non-steroidal_anti-inflammatory_drug&groups=Treatment
Antipirético&url=http://www.freebase.com/view/en/antipyretic&groups=Treatment
Antipsicótico atípico&url=http://www.freebase.com/view/en/atypical_antipsychotic&groups=Treatment
Antipsicótico típico&url=http://www.freebase.com/view/en/typical_antipsychotic&groups=Treatment
Antirretroviral&url=http://www.freebase.com/view/en/antiretroviral_drug&groups=Treatment
Antitiroideo&url=http://www.freebase.com/view/en/antithyroid_agent&groups=Treatment
Antitusígeno&url=http://www.freebase.com/view/en/cough_medicine&groups=Treatment
Antiviral&url=http://www.freebase.com/view/en/antiviral_drug&groups=Treatment
Antiácido&url=http://www.freebase.com/view/en/antacid&groups=Treatment
Antralina&url=http://www.freebase.com/view/en/dithranol&groups=Treatment
Antídoto&url=http://www.freebase.com/view/en/antidote&groups=Treatment
Apendicectomía&url=http://www.freebase.com/view/en/appendicectomy&groups=Treatment
Apraclonidina&url=http://www.freebase.com/view/en/apraclonidine&groups=Treatment
Arachis hypogaea&url=http://www.freebase.com/view/en/peanut&groups=Treatment
Aripiprazol&url=http://www.freebase.com/view/en/aripiprazole&groups=Treatment
Armodafinilo&url=http://www.freebase.com/view/en/armodafinil&groups=Treatment
Armoracia rusticana&url=http://www.freebase.com/view/en/horseradish&groups=Treatment
Arsfenamina&url=http://www.freebase.com/view/en/arsphenamine&groups=Treatment
Artemisia absinthium&url=http://www.freebase.com/view/en/absinth_wormwood&groups=Treatment
Arteméter&url=http://www.freebase.com/view/en/artemether&groups=Treatment
Artrocentesis&url=http://www.freebase.com/view/en/arthrocentesis&groups=Treatment
Artroscopia&url=http://www.freebase.com/view/en/arthroscopy&groups=Treatment
Arándano&url=http://www.freebase.com/view/en/bilberry&groups=Treatment
Arándano rojo&url=http://www.freebase.com/view/en/cranberry&groups=Treatment
Asaí&url=http://www.freebase.com/view/en/acai_palm&groups=Treatment
Asparagus officinalis&url=http://www.freebase.com/view/en/asparagus&groups=Treatment
Aspergillus niger&url=http://www.freebase.com/view/en/aspergillus_niger&groups=Treatment
Astemizol&url=http://www.freebase.com/view/en/astemizole&groups=Treatment
Atomoxetina&url=http://www.freebase.com/view/en/atomoxetine&groups=Treatment
Atorvastatina&url=http://www.freebase.com/view/en/atorvastatin&groups=Treatment
Atracurio&url=http://www.freebase.com/view/en/atracurium&groups=Treatment
Atropa belladonna&url=http://www.freebase.com/view/en/deadly_nightshade&groups=Treatment
Atropina&url=http://www.freebase.com/view/en/atropine&groups=Treatment
Atún&url=http://www.freebase.com/view/en/tuna&groups=Treatment
Audífono&url=http://www.freebase.com/view/en/hearing_aid&groups=Treatment
Avena sativa&url=http://www.freebase.com/view/en/oat&groups=Treatment
Azafrán&url=http://www.freebase.com/view/en/saffron&groups=Treatment
Azatioprina&url=http://www.freebase.com/view/en/azathioprine&groups=Treatment
Azitromicina&url=http://www.freebase.com/view/en/azithromycin&groups=Treatment
Azlocilina&url=http://www.freebase.com/view/en/azlocillin&groups=Treatment
Azul de metileno&url=http://www.freebase.com/view/en/methylene_blue&groups=Treatment
Bacillus Calmette-Guérin&url=http://www.freebase.com/view/en/bacillus_calmette-guerin&groups=Treatment
Bacillus subtilis&url=http://www.freebase.com/view/en/bacillus_subtilis&groups=Treatment
Baclofeno&url=http://www.freebase.com/view/en/baclofen&groups=Treatment
Bacteriostático&url=http://www.freebase.com/view/en/bacteriostatic_agent&groups=Treatment
Baked beans&url=http://www.freebase.com/view/en/baked_beans&groups=Treatment
Balón intraaórtico de contrapulsación&url=http://www.freebase.com/view/en/intra-aortic_balloon_pump&groups=Treatment
Barbital&url=http://www.freebase.com/view/en/barbital&groups=Treatment
Barbitúrico&url=http://www.freebase.com/view/en/barbiturate&groups=Treatment
Bencilpenicilina&url=http://www.freebase.com/view/en/benzylpenicillin&groups=Treatment
Benorilato&url=http://www.freebase.com/view/en/banorylate&groups=Treatment
Benzfetamina&url=http://www.freebase.com/view/en/benzphetamine&groups=Treatment
Benzinidazol&url=http://www.freebase.com/view/en/benznidazole&groups=Treatment
Benzocaína&url=http://www.freebase.com/view/en/benzocaine&groups=Treatment
Benzodiazepina&url=http://www.freebase.com/view/en/benzodiazepine&groups=Treatment
Bertholletia excelsa&url=http://www.freebase.com/view/en/brazil_nut&groups=Treatment
Beta bloqueador&url=http://www.freebase.com/view/en/beta_blocker&groups=Treatment
Beta vulgaris&url=http://www.freebase.com/view/en/beet&groups=Treatment
Betahistina&url=http://www.freebase.com/view/en/betahistine&groups=Treatment
Betanecol&url=http://www.freebase.com/view/en/bethanechol&groups=Treatment
Bifosfonato&url=http://www.freebase.com/view/en/bisphosphonate&groups=Treatment
Biopsia&url=http://www.freebase.com/view/en/biopsy&groups=Treatment
Bleomicina&url=http://www.freebase.com/view/en/bleomycin&groups=Treatment
Bloqueador de canales de calcio&url=http://www.freebase.com/view/en/calcium_channel_blocker&groups=Treatment
Bosentán&url=http://www.freebase.com/view/en/bosentan&groups=Treatment
Braquiterapia&url=http://www.freebase.com/view/en/brachytherapy&groups=Treatment
Bretilio&url=http://www.freebase.com/view/en/bretylium&groups=Treatment
Brimonidina&url=http://www.freebase.com/view/en/brimonidine&groups=Treatment
Brinzolamida&url=http://www.freebase.com/view/en/brinzolamide&groups=Treatment
Bromhexina&url=http://www.freebase.com/view/en/bromhexine&groups=Treatment
Bromocriptina&url=http://www.freebase.com/view/en/bromocriptine&groups=Treatment
Bromuro de pancuronio&url=http://www.freebase.com/view/en/pancuronium&groups=Treatment
Bromuro de potasio&url=http://www.freebase.com/view/en/potassium_bromide&groups=Treatment
Budesónida&url=http://www.freebase.com/view/en/budesonide&groups=Treatment
Buformina&url=http://www.freebase.com/view/en/buformin&groups=Treatment
Bumetanida&url=http://www.freebase.com/view/en/bumetanide&groups=Treatment
Buprenorfina&url=http://www.freebase.com/view/en/buprenorphine&groups=Treatment
Bupropion&url=http://www.freebase.com/view/en/bupropion&groups=Treatment
Buspirona&url=http://www.freebase.com/view/en/buspirone&groups=Treatment
Butilescopolamina&url=http://www.freebase.com/view/en/buscopan&groups=Treatment
Butriptilina&url=http://www.freebase.com/view/en/butriptyline&groups=Treatment
Bypass&url=http://www.freebase.com/view/en/coronary_artery_bypass_surgery&groups=Treatment
Cafeína&url=http://www.freebase.com/view/en/caffeine&groups=Treatment
Calcio&url=http://www.freebase.com/view/en/calcium&groups=Treatment
Calcitonina&url=http://www.freebase.com/view/en/calcitonin&groups=Treatment
Calcitriol&url=http://www.freebase.com/view/en/calcitriol&groups=Treatment
Cannabinoide&url=http://www.freebase.com/view/en/cannabinoids&groups=Treatment
Cannabis&url=http://www.freebase.com/view/m/054yc0&groups=Treatment
Capreomicina&url=http://www.freebase.com/view/en/capreomycin&groups=Treatment
Carbacol&url=http://www.freebase.com/view/en/carbachol&groups=Treatment
Carbamazepina&url=http://www.freebase.com/view/en/carbamazepine&groups=Treatment
Carbenicilina&url=http://www.freebase.com/view/en/carbenicillin&groups=Treatment
Carbonato de litio&url=http://www.freebase.com/view/en/lithium_carbonate&groups=Treatment
Cardamomo&url=http://www.freebase.com/view/en/cardamom&groups=Treatment
Carela&url=http://www.freebase.com/view/en/bitter_melon&groups=Treatment
Carica papaya&url=http://www.freebase.com/view/en/papaya&groups=Treatment
Caroteno&url=http://www.freebase.com/view/en/carotene&groups=Treatment
Carthamus tinctorius&url=http://www.freebase.com/view/en/safflower&groups=Treatment
Catecolamina&url=http://www.freebase.com/view/en/catecholamine&groups=Treatment
Cateterismo cardíaco&url=http://www.freebase.com/view/en/cardiac_catheterization&groups=Treatment
Cateterismo cardíaco derecho&url=http://www.freebase.com/view/en/pulmonary_artery_catheter&groups=Treatment
Catha edulis&url=http://www.freebase.com/view/en/khat&groups=Treatment
Cauterización&url=http://www.freebase.com/view/en/cauterization&groups=Treatment
Cefadroxilo&url=http://www.freebase.com/view/en/cefadroxil&groups=Treatment
Cefalexina&url=http://www.freebase.com/view/en/cefalexin&groups=Treatment
Cefalosporina&url=http://www.freebase.com/view/en/cephalosporin&groups=Treatment
Cefalotina&url=http://www.freebase.com/view/en/cefalotin&groups=Treatment
Cefamandol&url=http://www.freebase.com/view/en/cefamandole&groups=Treatment
Cefazolina&url=http://www.freebase.com/view/en/cefazolin&groups=Treatment
Cefoperazona&url=http://www.freebase.com/view/en/cefoperazone&groups=Treatment
Cefotaxima&url=http://www.freebase.com/view/en/cefotaxime&groups=Treatment
Ceftriaxona&url=http://www.freebase.com/view/en/ceftriaxone&groups=Treatment
Centella asiatica&url=http://www.freebase.com/view/en/centella_asiatica&groups=Treatment
Cesárea&url=http://www.freebase.com/view/en/caesarean_section&groups=Treatment
Chamaemelum nobile&url=http://www.freebase.com/view/en/roman_chamomile&groups=Treatment
Chelidonium majus&url=http://www.freebase.com/view/en/greater_celandine&groups=Treatment
Chenopodium ambrosioides&url=http://www.freebase.com/view/en/epazote&groups=Treatment
Cianato&url=http://www.freebase.com/view/en/cyanate&groups=Treatment
Cianocobalamina&url=http://www.freebase.com/view/en/cyanocobalamin&groups=Treatment
Ciclobenzaprina&url=http://www.freebase.com/view/en/cyclobenzaprine&groups=Treatment
Ciclofosfamida&url=http://www.freebase.com/view/en/cyclophosphamide&groups=Treatment
Ciclopentolato&url=http://www.freebase.com/view/en/cyclopentolate&groups=Treatment
Cimetidina&url=http://www.freebase.com/view/en/cimetidine&groups=Treatment
Cinoxacina&url=http://www.freebase.com/view/en/cinoxacin&groups=Treatment
Ciprofloxacino&url=http://www.freebase.com/view/en/ciprofloxacin&groups=Treatment
Circuncisión&url=http://www.freebase.com/view/en/circumcision&groups=Treatment
Cirugía&url=http://www.freebase.com/view/en/surgery&groups=Treatment
Cirugía bariátrica&url=http://www.freebase.com/view/en/bariatric_surgery&groups=Treatment
Cirugía cardíaca&url=http://www.freebase.com/view/en/cardiac_surgery&groups=Treatment
Cirugía micrográfica de Mohs&url=http://www.freebase.com/view/en/mohs_surgery&groups=Treatment
Cirugía ortopédica y traumatología&url=http://www.freebase.com/view/en/orthopedic_surgery&groups=Treatment
Cirugía refractiva&url=http://www.freebase.com/view/en/refractive_surgery&groups=Treatment
Citocina&url=http://www.freebase.com/view/en/cytokine&groups=Treatment
Citrus x limon&url=http://www.freebase.com/view/en/lemon&groups=Treatment
Claritromicina&url=http://www.freebase.com/view/en/clarithromycin&groups=Treatment
Clindamicina&url=http://www.freebase.com/view/en/clindamycin&groups=Treatment
Clonazepam&url=http://www.freebase.com/view/en/clonazepam&groups=Treatment
Clonidina&url=http://www.freebase.com/view/en/clonidine&groups=Treatment
Clopamida&url=http://www.freebase.com/view/en/clopamide&groups=Treatment
Cloranfenicol&url=http://www.freebase.com/view/en/chloramphenicol&groups=Treatment
Clorazepato&url=http://www.freebase.com/view/en/clorazepate&groups=Treatment
Clordiazepóxido&url=http://www.freebase.com/view/en/chlordiazepoxide&groups=Treatment
Clorfenamina&url=http://www.freebase.com/view/en/chlorphenamine&groups=Treatment
Clorgilina&url=http://www.freebase.com/view/en/clorgyline&groups=Treatment
Cloroformo&url=http://www.freebase.com/view/en/chloroform&groups=Treatment
Clorpromazina&url=http://www.freebase.com/view/en/chlorpromazine&groups=Treatment
Clorpropamida&url=http://www.freebase.com/view/en/chlorpropamide&groups=Treatment
Clorprotixeno&url=http://www.freebase.com/view/en/chlorprothixene&groups=Treatment
Clotrimazol&url=http://www.freebase.com/view/en/clotrimazole&groups=Treatment
Cloxacilina&url=http://www.freebase.com/view/en/cloxacillin&groups=Treatment
Clozapina&url=http://www.freebase.com/view/en/clozapine&groups=Treatment
Cocaína&url=http://www.freebase.com/view/en/cocaine&groups=Treatment
Cocos nucifera&url=http://www.freebase.com/view/en/coconut&groups=Treatment
Codeinona&url=http://www.freebase.com/view/en/codeinone&groups=Treatment
Codeína&url=http://www.freebase.com/view/en/codeine&groups=Treatment
Colchicina&url=http://www.freebase.com/view/en/colchicine&groups=Treatment
Colecistectomía&url=http://www.freebase.com/view/en/cholecystectomy&groups=Treatment
Colirio&url=http://www.freebase.com/view/en/eye_drop&groups=Treatment
Conización&url=http://www.freebase.com/view/en/cervical_conization&groups=Treatment
Consejo genético&url=http://www.freebase.com/view/en/genetic_counseling&groups=Treatment
Control del estrés&url=http://www.freebase.com/view/en/stress_management&groups=Treatment
Corticosteroide&url=http://www.freebase.com/view/en/corticosteroid&groups=Treatment
Cortisol&url=http://www.freebase.com/view/en/cortisol&groups=Treatment
Crack&url=http://www.freebase.com/view/en/crack_cocaine&groups=Treatment
Craneotomía&url=http://www.freebase.com/view/en/craniotomy&groups=Treatment
Cuidados paliativos&url=http://www.freebase.com/view/en/palliative_care&groups=Treatment
Curcuma longa&url=http://www.freebase.com/view/en/turmeric&groups=Treatment
Dapsona&url=http://www.freebase.com/view/en/dapsone&groups=Treatment
Daucus carota&url=http://www.freebase.com/view/en/carrot&groups=Treatment
Deferoxamina&url=http://www.freebase.com/view/en/deferoxamine&groups=Treatment
Dehidroepiandrosterona&url=http://www.freebase.com/view/en/dehydroepiandrosterone&groups=Treatment
Desbridamiento&url=http://www.freebase.com/view/en/debridement&groups=Treatment
Descongestivo&url=http://www.freebase.com/view/en/decongestant&groups=Treatment
Desensibilización y reprocesamiento por movimientos oculares&url=http://www.freebase.com/view/en/eye_movement_desensitization_and_reprocessing&groups=Treatment
Desfibrilador automático implantable&url=http://www.freebase.com/view/en/implantable_cardioverter-defibrillator&groups=Treatment
Desloratadina&url=http://www.freebase.com/view/en/desloratadine&groups=Treatment
Desmopresina&url=http://www.freebase.com/view/en/desmopressin&groups=Treatment
Dexametasona&url=http://www.freebase.com/view/en/dexamethasone&groups=Treatment
Dextrometorfano&url=http://www.freebase.com/view/en/dextromethorphan&groups=Treatment
Dextropropoxifeno&url=http://www.freebase.com/view/en/dextropropoxyphene&groups=Treatment
Diazepam&url=http://www.freebase.com/view/en/diazepam&groups=Treatment
Diclofenaco&url=http://www.freebase.com/view/en/diclofenac&groups=Treatment
Dicloxacilina&url=http://www.freebase.com/view/en/dicloxacillin&groups=Treatment
Didanosina&url=http://www.freebase.com/view/en/didanosine&groups=Treatment
Dieta cetogénica&url=http://www.freebase.com/view/en/ketogenic_diet&groups=Treatment
Difenhidramina&url=http://www.freebase.com/view/en/diphenhydramine&groups=Treatment
Difenpiramida&url=http://www.freebase.com/view/en/difenpiramide&groups=Treatment
Digitalis&url=http://www.freebase.com/view/en/digitalis&groups=Treatment
Digoxina&url=http://www.freebase.com/view/en/digoxin&groups=Treatment
Dihidrocodeína&url=http://www.freebase.com/view/en/dihydrocodeine&groups=Treatment
Dimetiltriptamina&url=http://www.freebase.com/view/en/dimethyltryptamine&groups=Treatment
Disopiramida&url=http://www.freebase.com/view/en/disopyramide&groups=Treatment
Dispositivo intrauterino&url=http://www.freebase.com/view/en/intrauterine_system&groups=Treatment
Diurético&url=http://www.freebase.com/view/en/diuretic&groups=Treatment
Diurético de asa&url=http://www.freebase.com/view/en/loop_diuretic&groups=Treatment
Diálisis&url=http://www.freebase.com/view/en/dialysis&groups=Treatment
Diálisis de hígado&url=http://www.freebase.com/view/en/liver_dialysis&groups=Treatment
Dopamina&url=http://www.freebase.com/view/en/dopamine&groups=Treatment
Dorzolamida&url=http://www.freebase.com/view/en/dorzolamide&groups=Treatment
Doxiciclina&url=http://www.freebase.com/view/en/doxycycline&groups=Treatment
Doxilamina&url=http://www.freebase.com/view/en/doxylamine&groups=Treatment
Droga de la verdad&url=http://www.freebase.com/view/en/truth_drug&groups=Treatment
Drospirenona&url=http://www.freebase.com/view/en/drospirenone&groups=Treatment
Ebastina&url=http://www.freebase.com/view/en/ebastine&groups=Treatment
Ecotiofato&url=http://www.freebase.com/view/en/echothiophate&groups=Treatment
Edrofonio&url=http://www.freebase.com/view/en/edrophonium&groups=Treatment
Educación especial&url=http://www.freebase.com/view/en/special_education&groups=Treatment
Efedrina&url=http://www.freebase.com/view/en/ephedrine&groups=Treatment
Ejercicio físico&url=http://www.freebase.com/view/en/physical_exercise&groups=Treatment
Ejercicios de Kegel&url=http://www.freebase.com/view/en/kegel_exercise&groups=Treatment
Electrocirugía&url=http://www.freebase.com/view/en/electrosurgery&groups=Treatment
Eleutherococcus senticosus&url=http://www.freebase.com/view/en/eleutherococcus_senticosus&groups=Treatment
Embarazo&url=http://www.freebase.com/view/en/pregnancy&groups=Treatment
Emoliente&url=http://www.freebase.com/view/en/emollient&groups=Treatment
Enfuvirtida&url=http://www.freebase.com/view/en/enfuvirtide&groups=Treatment
Ephedraceae&url=http://www.freebase.com/view/en/ephedra&groups=Treatment
Eplerenona&url=http://www.freebase.com/view/en/eplerenone&groups=Treatment
Eritromicina&url=http://www.freebase.com/view/en/erythromycin&groups=Treatment
Eritropoyetina&url=http://www.freebase.com/view/en/erythropoietin&groups=Treatment
Escherichia coli&url=http://www.freebase.com/view/en/escherichia_coli&groups=Treatment
Escopolamina&url=http://www.freebase.com/view/en/scopolamine&groups=Treatment
Esparfloxacino&url=http://www.freebase.com/view/en/sparfloxacin&groups=Treatment
Espectinomicina&url=http://www.freebase.com/view/en/spectinomycin&groups=Treatment
Espiramicina&url=http://www.freebase.com/view/en/spiramycin&groups=Treatment
Espironolactona&url=http://www.freebase.com/view/en/spironolactone&groups=Treatment
Estabilizador del estado de ánimo&url=http://www.freebase.com/view/en/mood_stabilizer&groups=Treatment
Estatina&url=http://www.freebase.com/view/en/statin&groups=Treatment
Estavudina&url=http://www.freebase.com/view/en/stavudine&groups=Treatment
Esteroide&url=http://www.freebase.com/view/en/steroid&groups=Treatment
Estimulación Magnética Transcraneana&url=http://www.freebase.com/view/en/transcranial_magnetic_stimulation&groups=Treatment
Estimulante&url=http://www.freebase.com/view/en/stimulant&groups=Treatment
Estimulante&url=http://www.freebase.com/view/en/diphenyl_prolinol&groups=Treatment
Estiramiento&url=http://www.freebase.com/view/en/stretching&groups=Treatment
Estramustina&url=http://www.freebase.com/view/en/estramustine&groups=Treatment
Estreptomicina&url=http://www.freebase.com/view/en/streptomycin&groups=Treatment
Estrógeno&url=http://www.freebase.com/view/en/estrogen&groups=Treatment
Etambutol&url=http://www.freebase.com/view/en/ethambutol&groups=Treatment
Etanol&url=http://www.freebase.com/view/en/ethanol&groups=Treatment
Etodolaco&url=http://www.freebase.com/view/en/etodolac&groups=Treatment
Etomidato&url=http://www.freebase.com/view/en/etomidate&groups=Treatment
Etoperidona&url=http://www.freebase.com/view/en/etoperidone&groups=Treatment
Etosuximida&url=http://www.freebase.com/view/en/ethosuximide&groups=Treatment
Excipiente&url=http://www.freebase.com/view/en/excipient&groups=Treatment
Exenatida&url=http://www.freebase.com/view/en/exenatide&groups=Treatment
Exploración física&url=http://www.freebase.com/view/en/physical_examination&groups=Treatment
Factor de crecimiento&url=http://www.freebase.com/view/en/growth_factor&groups=Treatment
Factor de crecimiento de hepatocitos&url=http://www.freebase.com/view/en/hepatocyte_growth_factor&groups=Treatment
Factor de necrosis tumoral&url=http://www.freebase.com/view/en/tumor_necrosis_factor&groups=Treatment
Fecundación in vitro&url=http://www.freebase.com/view/en/in_vitro_fertilisation&groups=Treatment
Felodipina&url=http://www.freebase.com/view/en/felodipine&groups=Treatment
Fenazona&url=http://www.freebase.com/view/en/phenazone&groups=Treatment
Fenciclidina&url=http://www.freebase.com/view/en/phencyclidine&groups=Treatment
Fenelzina&url=http://www.freebase.com/view/en/phenelzine&groups=Treatment
Fenilbutazona&url=http://www.freebase.com/view/en/phenylbutazone&groups=Treatment
Fenilefrina&url=http://www.freebase.com/view/en/phenylephrine&groups=Treatment
Fenilpropanolamina&url=http://www.freebase.com/view/en/phenylpropanolamine&groups=Treatment
Fenitoína&url=http://www.freebase.com/view/en/phenytoin&groups=Treatment
Fenobarbital&url=http://www.freebase.com/view/en/phenobarbital&groups=Treatment
Fenotiazina&url=http://www.freebase.com/view/en/thioridazine&groups=Treatment
Fenprocumon&url=http://www.freebase.com/view/en/phenprocoumon&groups=Treatment
Fentanilo&url=http://www.freebase.com/view/en/fentanyl&groups=Treatment
Fentolamina&url=http://www.freebase.com/view/en/phentolamine&groups=Treatment
Ferula assafoetida&url=http://www.freebase.com/view/en/asafoetida&groups=Treatment
Fibra alimentaria&url=http://www.freebase.com/view/en/dietary_fiber&groups=Treatment
Fibrinólisis&url=http://www.freebase.com/view/en/fibrinolysis&groups=Treatment
Finasterida&url=http://www.freebase.com/view/en/finasteride&groups=Treatment
Fisioterapia&url=http://www.freebase.com/view/en/physical_therapy&groups=Treatment
Fisostigmina&url=http://www.freebase.com/view/en/physostigmine&groups=Treatment
Fluacizina&url=http://www.freebase.com/view/en/fluacizine&groups=Treatment
Fluconazol&url=http://www.freebase.com/view/en/fluconazole&groups=Treatment
Flunitrazepam&url=http://www.freebase.com/view/en/flunitrazepam&groups=Treatment
Fluoxetina&url=http://www.freebase.com/view/en/fluoxetine&groups=Treatment
Fluoximesterona&url=http://www.freebase.com/view/en/fluoxymesterone&groups=Treatment
Fluticasona&url=http://www.freebase.com/view/en/fluticasone&groups=Treatment
Fosfatidilcolina&url=http://www.freebase.com/view/en/lecithin&groups=Treatment
Fotocoagulación retiniana&url=http://www.freebase.com/view/en/laser_photocoagulation&groups=Treatment
Fotoquimioterapia&url=http://www.freebase.com/view/en/photodynamic_therapy&groups=Treatment
Fototerapia&url=http://www.freebase.com/view/en/light_therapy&groups=Treatment
Fragaria vesca&url=http://www.freebase.com/view/en/woodland_strawberry&groups=Treatment
Furazolidona&url=http://www.freebase.com/view/en/furazolidone&groups=Treatment
Férula (medicina):&url=http://www.freebase.com/view/en/splint&groups=Treatment
Fósforo&url=http://www.freebase.com/view/en/phosphorus&groups=Treatment
Gabapentina&url=http://www.freebase.com/view/en/gabapentin&groups=Treatment
Gafas&url=http://www.freebase.com/view/en/glasses&groups=Treatment
Galium aparine&url=http://www.freebase.com/view/en/galium_aparine&groups=Treatment
Gas mostaza&url=http://www.freebase.com/view/en/sulfur_mustard&groups=Treatment
Gas nervioso&url=http://www.freebase.com/view/en/nerve_agent&groups=Treatment
Gatifloxacino&url=http://www.freebase.com/view/en/gatifloxacin&groups=Treatment
Gentamicina&url=http://www.freebase.com/view/en/gentamicin&groups=Treatment
Ginkgo biloba&url=http://www.freebase.com/view/en/ginkgo&groups=Treatment
Gliclazida&url=http://www.freebase.com/view/en/gliclazide&groups=Treatment
Glicopirrolato&url=http://www.freebase.com/view/en/glycopyrrolate&groups=Treatment
Glimepirida&url=http://www.freebase.com/view/en/glimepiride&groups=Treatment
Glipizida&url=http://www.freebase.com/view/en/glipizide&groups=Treatment
Glucocorticoide&url=http://www.freebase.com/view/en/glucocorticoid&groups=Treatment
Glucósido cardíaco&url=http://www.freebase.com/view/en/cardiac_glycoside&groups=Treatment
Glycine max&url=http://www.freebase.com/view/en/soybean&groups=Treatment
Glycyrrhiza glabra&url=http://www.freebase.com/view/en/liquorice&groups=Treatment
Glúcido&url=http://www.freebase.com/view/en/carbohydrate&groups=Treatment
Gonadotropina coriónica humana&url=http://www.freebase.com/view/en/human_chorionic_gonadotropin&groups=Treatment
Grasa&url=http://www.freebase.com/view/en/fat&groups=Treatment
Hachís&url=http://www.freebase.com/view/en/hashish&groups=Treatment
Hamamelis&url=http://www.freebase.com/view/en/witch-hazel&groups=Treatment
Hemina&url=http://www.freebase.com/view/m/02rdm52&groups=Treatment
Hemodiálisis&url=http://www.freebase.com/view/en/hemodialysis&groups=Treatment
Heparina&url=http://www.freebase.com/view/en/heparin&groups=Treatment
Heroína&url=http://www.freebase.com/view/en/heroin&groups=Treatment
Hexaclorofeno&url=http://www.freebase.com/view/en/hexachlorophene&groups=Treatment
Hialuronidasa&url=http://www.freebase.com/view/en/hyaluronidase&groups=Treatment
Hidrato de cloral&url=http://www.freebase.com/view/en/chloral_hydrate&groups=Treatment
Hidrocodona&url=http://www.freebase.com/view/en/hydrocodone&groups=Treatment
Hidromorfona&url=http://www.freebase.com/view/en/hydromorphone&groups=Treatment
Hidroterapia&url=http://www.freebase.com/view/en/hydrotherapy&groups=Treatment
Hidroxicina&url=http://www.freebase.com/view/en/hydroxyzine&groups=Treatment
Hierro&url=http://www.freebase.com/view/en/iron&groups=Treatment
HIFU&url=http://www.freebase.com/view/en/high_intensity_focused_ultrasound&groups=Treatment
Higiene&url=http://www.freebase.com/view/en/hygiene&groups=Treatment
Hiosciamina&url=http://www.freebase.com/view/en/hyoscyamine&groups=Treatment
Hiperforina&url=http://www.freebase.com/view/en/hyperforin&groups=Treatment
Hipericina&url=http://www.freebase.com/view/en/hypericin&groups=Treatment
Hipnótico&url=http://www.freebase.com/view/en/hypnotic&groups=Treatment
Histerectomía&url=http://www.freebase.com/view/en/hysterectomy&groups=Treatment
Homatropina&url=http://www.freebase.com/view/en/homatropine&groups=Treatment
Hormona antidiurética&url=http://www.freebase.com/view/en/vasopressin&groups=Treatment
Hormona foliculoestimulante&url=http://www.freebase.com/view/en/follicle-stimulating_hormone&groups=Treatment
Hormona somatotropa&url=http://www.freebase.com/view/en/growth_hormone&groups=Treatment
Hydrastis canadensis&url=http://www.freebase.com/view/en/goldenseal&groups=Treatment
Hypericum perforatum&url=http://www.freebase.com/view/en/st_johns_wort&groups=Treatment
Ibogaína&url=http://www.freebase.com/view/en/ibogaine&groups=Treatment
Ibuprofeno&url=http://www.freebase.com/view/en/ibuprofen&groups=Treatment
Illicium verum&url=http://www.freebase.com/view/en/star_anise&groups=Treatment
Iloprost&url=http://www.freebase.com/view/en/beraprost&groups=Treatment
Imipramina&url=http://www.freebase.com/view/en/imipramine&groups=Treatment
Implante coclear&url=http://www.freebase.com/view/en/cochlear_implant&groups=Treatment
Inhibidor de la enzima convertidora de angiotensina&url=http://www.freebase.com/view/en/ace_inhibitor&groups=Treatment
Inhibidor de la recaptación de serotonina&url=http://www.freebase.com/view/en/selective_serotonin_reuptake_inhibitor&groups=Treatment
Inhibidores de la bomba de protones&url=http://www.freebase.com/view/en/proton_pump_inhibitor&groups=Treatment
Inhibidores de la monoaminooxidasa&url=http://www.freebase.com/view/en/monoamine_oxidase_inhibitor&groups=Treatment
Inmunosupresor&url=http://www.freebase.com/view/en/immunosuppressive_drug&groups=Treatment
Inmunosupresor&url=http://www.freebase.com/view/en/immunosuppressant&groups=Treatment
Inmunoterapia&url=http://www.freebase.com/view/en/immunotherapy&groups=Treatment
Insuficiencia renal crónica&url=http://www.freebase.com/view/en/chronic_renal_failure&groups=Treatment
Insulina&url=http://www.freebase.com/view/en/insulin&groups=Treatment
Insulinoterapia&url=http://www.freebase.com/view/en/insulin_therapy&groups=Treatment
Interferón&url=http://www.freebase.com/view/en/interferon&groups=Treatment
Interferón&url=http://www.freebase.com/view/en/interferon-gamma&groups=Treatment
Interleucina-2&url=http://www.freebase.com/view/en/interleukin_2&groups=Treatment
Inyección intracitoplasmática de espermatozoides&url=http://www.freebase.com/view/en/intracytoplasmic_sperm_injection&groups=Treatment
Iodopovidona&url=http://www.freebase.com/view/en/betadine&groups=Treatment
Ipratropio&url=http://www.freebase.com/view/en/ipratropium&groups=Treatment
Iridectomía&url=http://www.freebase.com/view/en/iridectomy&groups=Treatment
Isoniacida&url=http://www.freebase.com/view/en/isoniazid&groups=Treatment
Isotretinoína&url=http://www.freebase.com/view/en/isotretinoin&groups=Treatment
Kalanchoe&url=http://www.freebase.com/view/en/kalanchoe&groups=Treatment
Ketamina&url=http://www.freebase.com/view/en/ketamine&groups=Treatment
Ketoconazol&url=http://www.freebase.com/view/en/ketoconazole&groups=Treatment
Ketorolaco&url=http://www.freebase.com/view/en/ketorolac&groups=Treatment
Lacosamida&url=http://www.freebase.com/view/en/lacosamide&groups=Treatment
Lactancia materna&url=http://www.freebase.com/view/en/breastfeeding&groups=Treatment
Lactasa&url=http://www.freebase.com/view/en/lactase&groups=Treatment
Lactulosa&url=http://www.freebase.com/view/en/lactulose&groups=Treatment
Lanolina&url=http://www.freebase.com/view/en/lanolin&groups=Treatment
Laparoscopia&url=http://www.freebase.com/view/en/laparoscopic_surgery&groups=Treatment
Laparotomía&url=http://www.freebase.com/view/en/laparotomy&groups=Treatment
LASIK&url=http://www.freebase.com/view/en/lasik&groups=Treatment
Laxante&url=http://www.freebase.com/view/en/laxative&groups=Treatment
Legrado&url=http://www.freebase.com/view/en/curettage&groups=Treatment
Lente bifocal&url=http://www.freebase.com/view/en/bifocals&groups=Treatment
Lente de contacto&url=http://www.freebase.com/view/en/contact_lens&groups=Treatment
Lente intraocular&url=http://www.freebase.com/view/en/intraocular_lens&groups=Treatment
Levocetirizina&url=http://www.freebase.com/view/en/levocetirizine&groups=Treatment
Levodopa&url=http://www.freebase.com/view/en/levodopa&groups=Treatment
Levofloxacino&url=http://www.freebase.com/view/en/levofloxacin&groups=Treatment
Levonorgestrel&url=http://www.freebase.com/view/en/progestin&groups=Treatment
Levotiroxina&url=http://www.freebase.com/view/en/levothyroxine&groups=Treatment
Lidocaína&url=http://www.freebase.com/view/en/lidocaine&groups=Treatment
Lima&url=http://www.freebase.com/view/authority/us/gov/hhs/fda/srs-unii/8CZS546954&groups=Treatment
Lindano&url=http://www.freebase.com/view/en/lindane&groups=Treatment
Linezolid&url=http://www.freebase.com/view/en/linezolid&groups=Treatment
Linosterol&url=http://www.freebase.com/view/en/lynestrenol&groups=Treatment
Liposucción&url=http://www.freebase.com/view/en/liposuction&groups=Treatment
Lisdexanfetamina&url=http://www.freebase.com/view/en/lisdexamfetamine&groups=Treatment
Lisurida&url=http://www.freebase.com/view/en/lisuride&groups=Treatment
Litio&url=http://www.freebase.com/view/authority/us/gov/hhs/fda/srs-unii/8H8Z5UER66&groups=Treatment
Logopedia&url=http://www.freebase.com/view/en/speech_and_language_pathology&groups=Treatment
Loperamida&url=http://www.freebase.com/view/en/loperamide&groups=Treatment
Loratadina&url=http://www.freebase.com/view/en/loratadine&groups=Treatment
Losartán&url=http://www.freebase.com/view/en/losartan&groups=Treatment
LSD&url=http://www.freebase.com/view/en/lsd&groups=Treatment
Láser&url=http://www.freebase.com/view/en/laser&groups=Treatment
Láser excimer&url=http://www.freebase.com/view/en/excimer_laser&groups=Treatment
Láudano&url=http://www.freebase.com/view/en/laudanum&groups=Treatment
Macrólido&url=http://www.freebase.com/view/en/macrolide_antibiotic&groups=Treatment
Malabsorción&url=http://www.freebase.com/view/en/malabsorption&groups=Treatment
Malaria&url=http://www.freebase.com/view/en/malaria&groups=Treatment
Mamografía&url=http://www.freebase.com/view/en/mammography&groups=Treatment
Maniobra de Epley&url=http://www.freebase.com/view/en/epley_maneuver&groups=Treatment
Marsupialización&url=http://www.freebase.com/view/en/marsupialization&groups=Treatment
Masaje&url=http://www.freebase.com/view/en/massage&groups=Treatment
Mastectomía&url=http://www.freebase.com/view/en/mastectomy&groups=Treatment
Matricaria recutita&url=http://www.freebase.com/view/en/german_chamomile&groups=Treatment
MDMA&url=http://www.freebase.com/view/en/methylenedioxymethamphetamine&groups=Treatment
Mebendazol&url=http://www.freebase.com/view/en/mebendazole&groups=Treatment
Medicago sativa&url=http://www.freebase.com/view/en/alfalfa&groups=Treatment
Medicamento&url=http://www.freebase.com/view/en/medication&groups=Treatment
Medicina alternativa&url=http://www.freebase.com/view/en/alternative_medicine&groups=Treatment
Medicina antroposófica&url=http://www.freebase.com/view/en/anthroposophical_medicine&groups=Treatment
Medicina física y rehabilitación&url=http://www.freebase.com/view/en/physical_medicine_and_rehabilitation&groups=Treatment
Medicina ortomolecular&url=http://www.freebase.com/view/en/orthomolecular_medicine&groups=Treatment
Melfalán&url=http://www.freebase.com/view/en/melphalan&groups=Treatment
Melissa officinalis&url=http://www.freebase.com/view/en/lemon_balm&groups=Treatment
Mentha&url=http://www.freebase.com/view/en/mentha&groups=Treatment
Mentha spicata&url=http://www.freebase.com/view/en/spearmint&groups=Treatment
Mentha × piperita&url=http://www.freebase.com/view/en/peppermint&groups=Treatment
Mentol&url=http://www.freebase.com/view/en/menthol&groups=Treatment
Mepivacaína&url=http://www.freebase.com/view/en/mepivacaine&groups=Treatment
Mesalazina&url=http://www.freebase.com/view/en/mesalazine&groups=Treatment
Mescalina&url=http://www.freebase.com/view/en/mescaline&groups=Treatment
Metacolina&url=http://www.freebase.com/view/en/metacholine&groups=Treatment
Metadona&url=http://www.freebase.com/view/en/methadone&groups=Treatment
Metanfetamina&url=http://www.freebase.com/view/en/methamphetamine&groups=Treatment
Meticilina&url=http://www.freebase.com/view/en/methicillin&groups=Treatment
Metildopa&url=http://www.freebase.com/view/en/methyldopa&groups=Treatment
Metilfenidato&url=http://www.freebase.com/view/en/methylphenidate&groups=Treatment
Metilnaltrexona&url=http://www.freebase.com/view/en/methylnaltrexone&groups=Treatment
Metilprednisolona&url=http://www.freebase.com/view/en/methylprednisolone&groups=Treatment
Metimazol&url=http://www.freebase.com/view/en/methimazole&groups=Treatment
Metotrexato&url=http://www.freebase.com/view/en/methotrexate&groups=Treatment
Metronidazol&url=http://www.freebase.com/view/en/metronidazole&groups=Treatment
Mifepristona&url=http://www.freebase.com/view/en/mifepristone&groups=Treatment
Milrinona&url=http://www.freebase.com/view/en/milrinone&groups=Treatment
Minociclina&url=http://www.freebase.com/view/en/minocycline&groups=Treatment
Mirra&url=http://www.freebase.com/view/en/myrrh&groups=Treatment
Modafinilo&url=http://www.freebase.com/view/en/modafinil&groups=Treatment
Modulador selectivo de los receptores estrogénicos&url=http://www.freebase.com/view/en/selective_estrogen_receptor_modulator&groups=Treatment
Morfina&url=http://www.freebase.com/view/en/morphine&groups=Treatment
Musa × paradisiaca&url=http://www.freebase.com/view/en/banana&groups=Treatment
Naloxona&url=http://www.freebase.com/view/en/naloxone&groups=Treatment
Naltrexona&url=http://www.freebase.com/view/en/naltrexone&groups=Treatment
Nandrolona&url=http://www.freebase.com/view/en/nandrolone&groups=Treatment
Naproxeno&url=http://www.freebase.com/view/en/naproxen&groups=Treatment
Narcótico&url=http://www.freebase.com/view/en/narcotic&groups=Treatment
Nasturtium officinale&url=http://www.freebase.com/view/en/watercress&groups=Treatment
Nateglinida&url=http://www.freebase.com/view/en/nateglinide&groups=Treatment
Neomicina&url=http://www.freebase.com/view/en/neomycin&groups=Treatment
Neostigmina&url=http://www.freebase.com/view/en/neostigmine&groups=Treatment
Neuroléptico&url=http://www.freebase.com/view/en/antipsychotic&groups=Treatment
Nicardipina&url=http://www.freebase.com/view/en/nicardipine&groups=Treatment
Nicofuranosa&url=http://www.freebase.com/view/en/nicofuranose&groups=Treatment
Nicotina&url=http://www.freebase.com/view/en/nicotine&groups=Treatment
Nifedipina&url=http://www.freebase.com/view/en/nifedipine&groups=Treatment
Nimodipina&url=http://www.freebase.com/view/en/nimodipine&groups=Treatment
Nitazoxanida&url=http://www.freebase.com/view/en/nitazoxanide&groups=Treatment
Nitrito de amilo&url=http://www.freebase.com/view/en/amyl_nitrite&groups=Treatment
Nitroglicerina&url=http://www.freebase.com/view/en/nitroglycerin&groups=Treatment
Noradrenalina&url=http://www.freebase.com/view/en/norepinephrine&groups=Treatment
Nutrición&url=http://www.freebase.com/view/en/nutrition&groups=Treatment
Observación&url=http://www.freebase.com/view/en/observation&groups=Treatment
Ocimum basilicum&url=http://www.freebase.com/view/en/basil&groups=Treatment
Ofloxacino&url=http://www.freebase.com/view/en/ofloxacin&groups=Treatment
Olanzapina&url=http://www.freebase.com/view/en/olanzapine&groups=Treatment
Omeprazol&url=http://www.freebase.com/view/en/omeprazole&groups=Treatment
Ooforectomía&url=http://www.freebase.com/view/en/oophorectomy&groups=Treatment
Opio&url=http://www.freebase.com/view/en/opium&groups=Treatment
Opioide&url=http://www.freebase.com/view/en/opioid&groups=Treatment
Opiáceo&url=http://www.freebase.com/view/en/opiate&groups=Treatment
Orientación&url=http://www.freebase.com/view/en/counseling_psychology&groups=Treatment
Origanum vulgare&url=http://www.freebase.com/view/en/oregano&groups=Treatment
Oroato de magnesio&url=http://www.freebase.com/view/en/magnesium_orotate&groups=Treatment
Orquidectomía&url=http://www.freebase.com/view/en/inguinal_orchiectomy&groups=Treatment
Oseltamivir&url=http://www.freebase.com/view/en/oseltamivir&groups=Treatment
Osteotomía&url=http://www.freebase.com/view/en/osteotomy&groups=Treatment
Oxaliplatino&url=http://www.freebase.com/view/en/oxaliplatin&groups=Treatment
Oxametacina&url=http://www.freebase.com/view/en/oxametacin&groups=Treatment
Oxcarbazepina&url=http://www.freebase.com/view/en/oxcarbazepine&groups=Treatment
Oxicodona&url=http://www.freebase.com/view/en/oxycodone&groups=Treatment
Oxifenbutazona&url=http://www.freebase.com/view/en/oxyphenbutazone&groups=Treatment
Oxotremorina&url=http://www.freebase.com/view/en/oxotremorine&groups=Treatment
Panax ginseng&url=http://www.freebase.com/view/en/ginseng&groups=Treatment
Paracetamol&url=http://www.freebase.com/view/en/paracetamol&groups=Treatment
Paraldehído&url=http://www.freebase.com/view/en/paraldehyde&groups=Treatment
Parche anticonceptivo&url=http://www.freebase.com/view/en/contraceptive_patch&groups=Treatment
Parche para el ojo&url=http://www.freebase.com/view/en/eyepatch&groups=Treatment
Paregórico&url=http://www.freebase.com/view/en/paregoric&groups=Treatment
Paromomicina&url=http://www.freebase.com/view/en/paromomycin_sulfate&groups=Treatment
Paroxetina&url=http://www.freebase.com/view/en/paroxetine&groups=Treatment
Parto&url=http://www.freebase.com/view/en/childbirth&groups=Treatment
Pemolina&url=http://www.freebase.com/view/en/pemoline&groups=Treatment
Penicilamina&url=http://www.freebase.com/view/en/penicillamine&groups=Treatment
Penicilina&url=http://www.freebase.com/view/en/penicillin&groups=Treatment
Pentazocina&url=http://www.freebase.com/view/en/pentazocine&groups=Treatment
Pentilenotetrazol&url=http://www.freebase.com/view/en/metrazol&groups=Treatment
Pentosano polisulfato&url=http://www.freebase.com/view/en/pentosan_polysulfate&groups=Treatment
Pergolida&url=http://www.freebase.com/view/en/pergolide&groups=Treatment
Permanganato de potasio&url=http://www.freebase.com/view/en/potassium_permanganate&groups=Treatment
Persea americana&url=http://www.freebase.com/view/en/avocado&groups=Treatment
Peróxido de benzoílo&url=http://www.freebase.com/view/en/benzoyl_peroxide&groups=Treatment
Petroselinum crispum&url=http://www.freebase.com/view/en/parsley&groups=Treatment
Petróleo&url=http://www.freebase.com/view/en/petroleum&groups=Treatment
Phaseolus lunatus&url=http://www.freebase.com/view/en/lima_bean&groups=Treatment
Phoenix dactylifera&url=http://www.freebase.com/view/en/date_palm&groups=Treatment
Pilocarpina&url=http://www.freebase.com/view/en/pilocarpine&groups=Treatment
Pimenta dioica&url=http://www.freebase.com/view/en/allspice&groups=Treatment
Pimpinella anisum&url=http://www.freebase.com/view/en/anise&groups=Treatment
Piper methysticum&url=http://www.freebase.com/view/en/kava&groups=Treatment
Piper nigrum&url=http://www.freebase.com/view/en/black_pepper&groups=Treatment
Pirazinamida&url=http://www.freebase.com/view/en/pyrazinamide&groups=Treatment
Piretrina&url=http://www.freebase.com/view/en/pyrethrin&groups=Treatment
Piridostigmina&url=http://www.freebase.com/view/en/pyridostigmine&groups=Treatment
Pivampicilina&url=http://www.freebase.com/view/en/pivampicillin&groups=Treatment
Plantago major&url=http://www.freebase.com/view/en/broadleaf_plantain&groups=Treatment
Plantilla:Chembox&url=http://www.freebase.com/view/en/zinc_acetate&groups=Treatment
Plasmaféresis&url=http://www.freebase.com/view/en/plasmapheresis&groups=Treatment
Plasminógeno&url=http://www.freebase.com/view/en/plasmin&groups=Treatment
Popper&url=http://www.freebase.com/view/en/poppers&groups=Treatment
Porfiria&url=http://www.freebase.com/view/en/porphyria&groups=Treatment
Potasio&url=http://www.freebase.com/view/en/potassium&groups=Treatment
Powerade&url=http://www.freebase.com/view/en/powerade&groups=Treatment
Prednisolona&url=http://www.freebase.com/view/en/prednisolone&groups=Treatment
Prednisona&url=http://www.freebase.com/view/en/prednisone&groups=Treatment
Pregabalina&url=http://www.freebase.com/view/en/pregabalin&groups=Treatment
PRK Queratectomía fotorrefractiva&url=http://www.freebase.com/view/en/photorefractive_keratectomy&groups=Treatment
Procainamida&url=http://www.freebase.com/view/en/procainamide&groups=Treatment
Procarbazina&url=http://www.freebase.com/view/en/procarbazine&groups=Treatment
Procedimiento de extirpación electroquirúrgico de lazo&url=http://www.freebase.com/view/en/loop_electrical_excision_procedure&groups=Treatment
Procinético&url=http://www.freebase.com/view/en/gastroprokinetic_agent&groups=Treatment
Progesterona&url=http://www.freebase.com/view/en/progesterone&groups=Treatment
Progestágeno&url=http://www.freebase.com/view/en/progestagen&groups=Treatment
Proglumetacina&url=http://www.freebase.com/view/en/proglumetacin&groups=Treatment
Prostaciclina&url=http://www.freebase.com/view/en/prostacyclin&groups=Treatment
Protector solar&url=http://www.freebase.com/view/en/sunscreen&groups=Treatment
Prunus armeniaca&url=http://www.freebase.com/view/en/apricot&groups=Treatment
Prunus dulcis&url=http://www.freebase.com/view/en/almond&groups=Treatment
Prótesis&url=http://www.freebase.com/view/en/prosthesis&groups=Treatment
Prótesis ocular&url=http://www.freebase.com/view/en/ocular_prosthetic&groups=Treatment
Prótesis valvular cardíaca&url=http://www.freebase.com/view/en/mitral_valve_repair&groups=Treatment
Psicoeducación&url=http://www.freebase.com/view/en/psychoeducation&groups=Treatment
Psicosis&url=http://www.freebase.com/view/en/psychosis&groups=Treatment
Psilocina&url=http://www.freebase.com/view/en/psilocin&groups=Treatment
Péptido opioide&url=http://www.freebase.com/view/en/endorphin&groups=Treatment
Píldora anticonceptiva&url=http://www.freebase.com/view/en/oral_contraceptive&groups=Treatment
Quelante de fosfato&url=http://www.freebase.com/view/en/phosphate_binders&groups=Treatment
Queratoplastia&url=http://www.freebase.com/view/en/cornea_transplant&groups=Treatment
Quetiapina&url=http://www.freebase.com/view/en/quetiapine&groups=Treatment
Quimioterapia&url=http://www.freebase.com/view/en/chemotherapy&groups=Treatment
Quimotripsina&url=http://www.freebase.com/view/en/chymotrypsin&groups=Treatment
Quinina&url=http://www.freebase.com/view/en/quinine&groups=Treatment
Quinolona&url=http://www.freebase.com/view/en/quinolone&groups=Treatment
Radiocirugía&url=http://www.freebase.com/view/en/radiosurgery&groups=Treatment
Radioterapia&url=http://www.freebase.com/view/en/radiation_therapy&groups=Treatment
Ranitidina&url=http://www.freebase.com/view/en/ranitidine&groups=Treatment
Reelina&url=http://www.freebase.com/view/en/reelin&groups=Treatment
Relajante muscular&url=http://www.freebase.com/view/en/muscle_relaxant&groups=Treatment
Remifentanilo&url=http://www.freebase.com/view/en/remifentanil&groups=Treatment
Repollo&url=http://www.freebase.com/view/en/cabbage&groups=Treatment
Reproducción asistida&url=http://www.freebase.com/view/en/assisted_reproductive_technology&groups=Treatment
Resistencia a antibióticos&url=http://www.freebase.com/view/en/antibiotic_resistance&groups=Treatment
Rheum rhabarbarum&url=http://www.freebase.com/view/en/rhubarb&groups=Treatment
Ribavirina&url=http://www.freebase.com/view/en/ribavirin&groups=Treatment
Ribes nigrum&url=http://www.freebase.com/view/en/blackcurrant&groups=Treatment
Rifampicina&url=http://www.freebase.com/view/en/rifampicin&groups=Treatment
Rimantadina&url=http://www.freebase.com/view/en/rimantadine&groups=Treatment
Risperidona&url=http://www.freebase.com/view/en/risperidone&groups=Treatment
Ritodrina&url=http://www.freebase.com/view/en/ritodrine&groups=Treatment
Rivastigmina&url=http://www.freebase.com/view/en/rivastigmine&groups=Treatment
Rosmarinus officinalis&url=http://www.freebase.com/view/en/rosemary&groups=Treatment
Rubus ulmifolius&url=http://www.freebase.com/view/biology/itis/504851&groups=Treatment
Rufinamida&url=http://www.freebase.com/view/en/rufinamide&groups=Treatment
Rupatadina&url=http://www.freebase.com/view/en/rupatadine&groups=Treatment
Sales de Rehidratación Oral&url=http://www.freebase.com/view/en/oral_rehydration_therapy&groups=Treatment
Salicilamida&url=http://www.freebase.com/view/en/salicylamide&groups=Treatment
Salsalato&url=http://www.freebase.com/view/en/salsalate&groups=Treatment
Salvia divinorum&url=http://www.freebase.com/view/en/salvia_divinorum&groups=Treatment
Salvia officinalis&url=http://www.freebase.com/view/en/common_sage&groups=Treatment
Salvinorina&url=http://www.freebase.com/view/en/salvinorin_a&groups=Treatment
Saneamiento ambiental&url=http://www.freebase.com/view/en/sanitation&groups=Treatment
Sartán&url=http://www.freebase.com/view/en/angiotensin_ii_receptor_antagonist&groups=Treatment
Secnidazol&url=http://www.freebase.com/view/en/secnidazole&groups=Treatment
Secobarbital&url=http://www.freebase.com/view/en/secobarbital&groups=Treatment
Serenoa&url=http://www.freebase.com/view/en/saw_palmetto&groups=Treatment
Sertralina&url=http://www.freebase.com/view/en/sertraline&groups=Treatment
Seudoefedrina&url=http://www.freebase.com/view/en/pseudoephedrine&groups=Treatment
Sibutramina&url=http://www.freebase.com/view/en/sibutramine&groups=Treatment
Sildenafilo&url=http://www.freebase.com/view/en/sildenafil&groups=Treatment
Simvastatina&url=http://www.freebase.com/view/en/simvastatin&groups=Treatment
Sitagliptina&url=http://www.freebase.com/view/en/sitagliptin&groups=Treatment
Solanum lycopersicum&url=http://www.freebase.com/view/en/tomato&groups=Treatment
Solanum melongena&url=http://www.freebase.com/view/en/aubergine&groups=Treatment
Solidificación&url=http://www.freebase.com/view/en/freezing&groups=Treatment
Sorbitol&url=http://www.freebase.com/view/en/sorbitol&groups=Treatment
Stellaria media&url=http://www.freebase.com/view/en/common_chickweed&groups=Treatment
Succinilcolina&url=http://www.freebase.com/view/en/suxamethonium_chloride&groups=Treatment
Sucralfato&url=http://www.freebase.com/view/en/sucralfate&groups=Treatment
Sulconazol&url=http://www.freebase.com/view/en/sulconazole&groups=Treatment
Sulfadiazina&url=http://www.freebase.com/view/en/sulfadiazine&groups=Treatment
Sulfadiazina de plata&url=http://www.freebase.com/view/en/silver_sulfadiazine&groups=Treatment
Sulfasalazina&url=http://www.freebase.com/view/en/sulfasalazine&groups=Treatment
Sulfato de magnesio&url=http://www.freebase.com/view/en/magnesium_sulfate&groups=Treatment
Suplemento dietético&url=http://www.freebase.com/view/en/dietary_supplement&groups=Treatment
Syzygium aromaticum&url=http://www.freebase.com/view/en/clove&groups=Treatment
Síndrome de apnea-hipopnea durante el sueño&url=http://www.freebase.com/view/en/sleep_apnea&groups=Treatment
Síndrome neuroléptico maligno&url=http://www.freebase.com/view/en/neuroleptic_malignant_syndrome&groups=Treatment
Talco&url=http://www.freebase.com/view/en/talc&groups=Treatment
Talidomida&url=http://www.freebase.com/view/en/thalidomide&groups=Treatment
Tanacetum parthenium&url=http://www.freebase.com/view/en/feverfew&groups=Treatment
Tebaniciclina&url=http://www.freebase.com/view/en/tebanicline&groups=Treatment
Tebaína&url=http://www.freebase.com/view/en/thebaine&groups=Treatment
Teicoplanina&url=http://www.freebase.com/view/en/teicoplanin&groups=Treatment
Telmisartán&url=http://www.freebase.com/view/en/telmisartan&groups=Treatment
Teofilina&url=http://www.freebase.com/view/en/theophylline&groups=Treatment
Terapia cognitiva&url=http://www.freebase.com/view/en/cognitive_therapy&groups=Treatment
Terapia dialéctico-conductual&url=http://www.freebase.com/view/en/dialectical_behavioral_therapy&groups=Treatment
Terapia electroconvulsiva&url=http://www.freebase.com/view/en/electroconvulsive_therapy&groups=Treatment
Terapia grupal&url=http://www.freebase.com/view/en/group_therapy&groups=Treatment
Terapia génica&url=http://www.freebase.com/view/en/gene_therapy&groups=Treatment
Terapia intravenosa&url=http://www.freebase.com/view/en/intravenous_therapy&groups=Treatment
Terapia ocupacional&url=http://www.freebase.com/view/en/occupational_therapy&groups=Treatment
Terapia renal sustitutiva&url=http://www.freebase.com/view/en/renal_replacement_therapy&groups=Treatment
Terapias cognitivo-conductuales&url=http://www.freebase.com/view/en/cognitive_behavioral_therapy&groups=Treatment
Terbinafina&url=http://www.freebase.com/view/en/terbinafine&groups=Treatment
Termoterapia&url=http://www.freebase.com/view/en/heat_therapy&groups=Treatment
Testosterona&url=http://www.freebase.com/view/en/testosterone&groups=Treatment
Tetraciclina&url=http://www.freebase.com/view/en/tetracycline&groups=Treatment
Tetrahidrocannabinol&url=http://www.freebase.com/view/en/tetrahydrocannabinol&groups=Treatment
Ticarcilina&url=http://www.freebase.com/view/en/ticarcillin&groups=Treatment
Tinidazol&url=http://www.freebase.com/view/en/tinidazole&groups=Treatment
Tioconazol&url=http://www.freebase.com/view/en/tioconazole&groups=Treatment
Tiopentato de sodio&url=http://www.freebase.com/view/en/sodium_thiopental&groups=Treatment
Tiotropio&url=http://www.freebase.com/view/en/tiotropium&groups=Treatment
Tirotropina&url=http://www.freebase.com/view/en/thyroid-stimulating_hormone&groups=Treatment
Tizanidina&url=http://www.freebase.com/view/en/tizanidine&groups=Treatment
Tobramicina&url=http://www.freebase.com/view/en/tobramycin&groups=Treatment
Tolazamida&url=http://www.freebase.com/view/en/tolazamide&groups=Treatment
Tolbutamida&url=http://www.freebase.com/view/en/tolbutamide&groups=Treatment
Topiramato&url=http://www.freebase.com/view/en/topiramate&groups=Treatment
Torasemida&url=http://www.freebase.com/view/en/torasemide&groups=Treatment
Toxina botulínica&url=http://www.freebase.com/view/en/botulinum_toxin&groups=Treatment
Trabeculectomía&url=http://www.freebase.com/view/en/trabeculectomy&groups=Treatment
Transfusión de sangre&url=http://www.freebase.com/view/en/blood_transfusion&groups=Treatment
Traqueotomía&url=http://www.freebase.com/view/en/tracheotomy&groups=Treatment
Trasplante de corazón&url=http://www.freebase.com/view/en/heart_transplantation&groups=Treatment
Trasplante de hígado&url=http://www.freebase.com/view/en/liver_transplantation&groups=Treatment
Trasplante de médula ósea&url=http://www.freebase.com/view/en/bone_marrow_transplant&groups=Treatment
Trasplante de riñón&url=http://www.freebase.com/view/en/kidney_transplantation&groups=Treatment
Trazodona&url=http://www.freebase.com/view/en/trazodone&groups=Treatment
Triamtereno&url=http://www.freebase.com/view/en/triamterene&groups=Treatment
Triclosán&url=http://www.freebase.com/view/en/triclosan&groups=Treatment
Trifolium pratense&url=http://www.freebase.com/view/en/red_clover&groups=Treatment
Trigonella foenum-graecum&url=http://www.freebase.com/view/en/fenugreek&groups=Treatment
Trimetoprim-sulfametoxazol&url=http://www.freebase.com/view/en/co-trimoxazole&groups=Treatment
Trimetoprima&url=http://www.freebase.com/view/en/trimethoprim&groups=Treatment
Tripsina&url=http://www.freebase.com/view/en/trypsin&groups=Treatment
Trombina&url=http://www.freebase.com/view/en/thrombin&groups=Treatment
Tropicamida&url=http://www.freebase.com/view/en/tropicamide&groups=Treatment
Trucha&url=http://www.freebase.com/view/en/trout&groups=Treatment
Tuboplastia&url=http://www.freebase.com/view/en/tuboplasty&groups=Treatment
Técnica de relajación&url=http://www.freebase.com/view/en/relaxation_technique&groups=Treatment
Ulmus&url=http://www.freebase.com/view/en/elm&groups=Treatment
Uncaria tomentosa&url=http://www.freebase.com/view/en/uncaria_tomentosa&groups=Treatment
Unoprostona&url=http://www.freebase.com/view/en/unoprostone&groups=Treatment
Uroquinasa&url=http://www.freebase.com/view/en/urokinase&groups=Treatment
Vacuna&url=http://www.freebase.com/view/en/vaccine&groups=Treatment
Valeriana officinalis&url=http://www.freebase.com/view/biology/itis/35363&groups=Treatment
Valnoctamida&url=http://www.freebase.com/view/en/valnoctamide&groups=Treatment
Valsartán&url=http://www.freebase.com/view/en/valsartan&groups=Treatment
Vancomicina&url=http://www.freebase.com/view/en/vancomycin&groups=Treatment
Vardenafilo&url=http://www.freebase.com/view/en/vardenafil&groups=Treatment
Vareniclina&url=http://www.freebase.com/view/en/varenicline&groups=Treatment
Vasoconstricción&url=http://www.freebase.com/view/en/vasoconstrictor&groups=Treatment
Veneno&url=http://www.freebase.com/view/en/poison&groups=Treatment
Venlafaxina&url=http://www.freebase.com/view/en/venlafaxine&groups=Treatment
Verapamilo&url=http://www.freebase.com/view/en/verapamil&groups=Treatment
Verbascum thapsus&url=http://www.freebase.com/view/en/common_mullein&groups=Treatment
Verdel&url=http://www.freebase.com/view/en/mackerel&groups=Treatment
Vincristina&url=http://www.freebase.com/view/en/vincristine&groups=Treatment
Vinpocetina&url=http://www.freebase.com/view/en/vinpocetine&groups=Treatment
Viola odorata&url=http://www.freebase.com/view/en/sweet_violet&groups=Treatment
Vitamina A&url=http://www.freebase.com/view/en/retinol&groups=Treatment
Vitamina B1&url=http://www.freebase.com/view/en/thiamine&groups=Treatment
Vitamina B2&url=http://www.freebase.com/view/en/riboflavin&groups=Treatment
Vitamina B3&url=http://www.freebase.com/view/en/niacin&groups=Treatment
Vitamina B5&url=http://www.freebase.com/view/en/pantothenic_acid&groups=Treatment
Vitamina B6&url=http://www.freebase.com/view/en/vitamin_b6&groups=Treatment
Vitamina C&url=http://www.freebase.com/view/en/vitamin_c&groups=Treatment
Vitamina D&url=http://www.freebase.com/view/en/vitamin_d&groups=Treatment
Vitamina E&url=http://www.freebase.com/view/en/vitamin_e&groups=Treatment
Vitrectomía&url=http://www.freebase.com/view/en/vitrectomy&groups=Treatment
VX&url=http://www.freebase.com/view/en/vx&groups=Treatment
Warfarina&url=http://www.freebase.com/view/en/warfarin&groups=Treatment
Yoduro de potasio&url=http://www.freebase.com/view/en/potassium_iodide&groups=Treatment
Zidovudina&url=http://www.freebase.com/view/en/zidovudine&groups=Treatment
Zileutón&url=http://www.freebase.com/view/en/zileuton&groups=Treatment
Zingiber officinale&url=http://www.freebase.com/view/en/ginger&groups=Treatment
Zonisamida&url=http://www.freebase.com/view/en/zonisamide&groups=Treatment
Zooterapia&url=http://www.freebase.com/view/en/animal-assisted_therapy&groups=Treatment
Zotepina&url=http://www.freebase.com/view/en/zotepine&groups=Treatment
Ácido acetilsalicílico&url=http://www.freebase.com/view/en/aspirin&groups=Treatment
Ácido clavulánico&url=http://www.freebase.com/view/en/clavulanic_acid&groups=Treatment
Ácido etacrínico&url=http://www.freebase.com/view/en/ethacrynic_acid&groups=Treatment
Ácido etilendiaminotetraacético&url=http://www.freebase.com/view/en/edta&groups=Treatment
Ácido flufenámico&url=http://www.freebase.com/view/en/flufenamic_acid&groups=Treatment
Ácido fólico&url=http://www.freebase.com/view/en/folic_acid&groups=Treatment
Ácido hialurónico&url=http://www.freebase.com/view/en/hyaluronan&groups=Treatment
Ácido meclofenámico&url=http://www.freebase.com/view/en/meclofenamic_acid&groups=Treatment
Ácido mefenámico&url=http://www.freebase.com/view/en/mefenamic_acid&groups=Treatment
Ácido micofenólico&url=http://www.freebase.com/view/en/mycophenolic_acid&groups=Treatment
Ácido nalidíxico&url=http://www.freebase.com/view/en/nalidixic_acid&groups=Treatment
Ácido salicílico&url=http://www.freebase.com/view/en/salicylic_acid&groups=Treatment
Ácido tranexámico&url=http://www.freebase.com/view/en/tranexamic_acid&groups=Treatment
Ácido tricloroacético&url=http://www.freebase.com/view/en/trichloroacetic_acid&groups=Treatment
Ácido valproico&url=http://www.freebase.com/view/en/valproic_acid&groups=Treatment
Ácido γ-aminobutírico&url=http://www.freebase.com/view/en/gamma-aminobutyric_acid&groups=Treatment
Ácido γ-hidroxibutírico&url=http://www.freebase.com/view/en/gamma-hydroxybutyric_acid&groups=Treatment
Óxido de nitrógeno&url=http://www.freebase.com/view/en/nitrous_oxide&groups=Treatment
Óxido de zinc&url=http://www.freebase.com/view/en/zinc_oxide&groups=Treatment
